2026-04-27 01:55:13,634 | INFO | 🚀 Device: cuda | Experiment: module2/TAGCN/checkpoints_finetune/DAPT_TAPT/
2026-04-27 01:55:13,634 | INFO | Loading module1/data_preprocessing/output/finetune/train.jsonl (4087.03 MB)...
2026-04-27 02:02:09,877 | INFO | Successfully cached 78222 samples.
2026-04-27 02:02:09,877 | INFO | Loading module1/data_preprocessing/output/finetune/val.jsonl (468.01 MB)...
2026-04-27 02:02:46,934 | INFO | Successfully cached 6520 samples.
2026-04-27 02:02:46,934 | INFO | Loading module1/data_preprocessing/output/finetune/test.jsonl (376.63 MB)...
2026-04-27 02:03:19,815 | INFO | Successfully cached 7042 samples.
2026-04-27 02:03:19,951 | INFO | Loading pretrained encoder: module2/TAGCN/checkpoints_pretrain/DAPT_TAPT/reconstruct_best.pt
2026-04-27 02:03:31,512 | INFO | [Epoch 001] Train Loss: 0.8669
2026-04-27 02:03:31,512 | INFO | [Epoch 001] Val  -> Loss: 0.7983 | Acc: 0.6969 | Pre: 0.5200 | Rec: 0.3980 | F1: 0.3622
2026-04-27 02:03:31,512 | INFO | [Epoch 001] Test -> Loss: 0.8121 | Acc: 0.7621 | Pre: 0.5361 | Rec: 0.3867 | F1: 0.3669
2026-04-27 02:03:31,514 | INFO | ⭐ New Best Val F1: 0.3622 (Model Saved)
2026-04-27 02:03:41,750 | INFO | [Epoch 002] Train Loss: 0.7799
2026-04-27 02:03:41,750 | INFO | [Epoch 002] Val  -> Loss: 0.7986 | Acc: 0.7362 | Pre: 0.5821 | Rec: 0.4599 | F1: 0.4680
2026-04-27 02:03:41,750 | INFO | [Epoch 002] Test -> Loss: 0.8000 | Acc: 0.7704 | Pre: 0.4849 | Rec: 0.3740 | F1: 0.3911
2026-04-27 02:03:41,751 | INFO | ⭐ New Best Val F1: 0.4680 (Model Saved)
2026-04-27 02:03:52,117 | INFO | [Epoch 003] Train Loss: 0.7501
2026-04-27 02:03:52,117 | INFO | [Epoch 003] Val  -> Loss: 0.8493 | Acc: 0.7278 | Pre: 0.5312 | Rec: 0.4324 | F1: 0.4282
2026-04-27 02:03:52,117 | INFO | [Epoch 003] Test -> Loss: 0.8241 | Acc: 0.6988 | Pre: 0.3378 | Rec: 0.3179 | F1: 0.3223
2026-04-27 02:04:02,353 | INFO | [Epoch 004] Train Loss: 0.7301
2026-04-27 02:04:02,354 | INFO | [Epoch 004] Val  -> Loss: 0.8404 | Acc: 0.7270 | Pre: 0.5357 | Rec: 0.4343 | F1: 0.4336
2026-04-27 02:04:02,354 | INFO | [Epoch 004] Test -> Loss: 0.7557 | Acc: 0.7749 | Pre: 0.4962 | Rec: 0.3597 | F1: 0.3802
2026-04-27 02:04:12,596 | INFO | [Epoch 005] Train Loss: 0.7178
2026-04-27 02:04:12,596 | INFO | [Epoch 005] Val  -> Loss: 0.8245 | Acc: 0.7308 | Pre: 0.5775 | Rec: 0.4418 | F1: 0.4485
2026-04-27 02:04:12,596 | INFO | [Epoch 005] Test -> Loss: 0.7382 | Acc: 0.7783 | Pre: 0.4951 | Rec: 0.3656 | F1: 0.3893
2026-04-27 02:04:22,777 | INFO | [Epoch 006] Train Loss: 0.7081
2026-04-27 02:04:22,777 | INFO | [Epoch 006] Val  -> Loss: 0.8486 | Acc: 0.7285 | Pre: 0.5420 | Rec: 0.4502 | F1: 0.4559
2026-04-27 02:04:22,777 | INFO | [Epoch 006] Test -> Loss: 0.7747 | Acc: 0.7082 | Pre: 0.4066 | Rec: 0.3518 | F1: 0.3696
2026-04-27 02:04:33,127 | INFO | [Epoch 007] Train Loss: 0.6987
2026-04-27 02:04:33,127 | INFO | [Epoch 007] Val  -> Loss: 0.8936 | Acc: 0.7363 | Pre: 0.5500 | Rec: 0.4579 | F1: 0.4582
2026-04-27 02:04:33,127 | INFO | [Epoch 007] Test -> Loss: 0.7451 | Acc: 0.7815 | Pre: 0.4925 | Rec: 0.3788 | F1: 0.4010
2026-04-27 02:04:43,490 | INFO | [Epoch 008] Train Loss: 0.6922
2026-04-27 02:04:43,490 | INFO | [Epoch 008] Val  -> Loss: 0.8544 | Acc: 0.7109 | Pre: 0.4853 | Rec: 0.4360 | F1: 0.4364
2026-04-27 02:04:43,490 | INFO | [Epoch 008] Test -> Loss: 0.7382 | Acc: 0.7869 | Pre: 0.5866 | Rec: 0.4154 | F1: 0.4495
2026-04-27 02:04:53,799 | INFO | [Epoch 009] Train Loss: 0.6864
2026-04-27 02:04:53,799 | INFO | [Epoch 009] Val  -> Loss: 0.8891 | Acc: 0.7209 | Pre: 0.5091 | Rec: 0.4444 | F1: 0.4480
2026-04-27 02:04:53,799 | INFO | [Epoch 009] Test -> Loss: 0.7563 | Acc: 0.7114 | Pre: 0.4716 | Rec: 0.3921 | F1: 0.4172
2026-04-27 02:05:04,096 | INFO | [Epoch 010] Train Loss: 0.6815
2026-04-27 02:05:04,096 | INFO | [Epoch 010] Val  -> Loss: 0.8602 | Acc: 0.7213 | Pre: 0.5189 | Rec: 0.4294 | F1: 0.4267
2026-04-27 02:05:04,096 | INFO | [Epoch 010] Test -> Loss: 0.6882 | Acc: 0.7793 | Pre: 0.5821 | Rec: 0.3860 | F1: 0.4159
2026-04-27 02:05:14,471 | INFO | [Epoch 011] Train Loss: 0.6766
2026-04-27 02:05:14,471 | INFO | [Epoch 011] Val  -> Loss: 0.8675 | Acc: 0.7216 | Pre: 0.4872 | Rec: 0.4286 | F1: 0.4229
2026-04-27 02:05:14,471 | INFO | [Epoch 011] Test -> Loss: 0.6835 | Acc: 0.7965 | Pre: 0.5947 | Rec: 0.4199 | F1: 0.4582
2026-04-27 02:05:24,936 | INFO | [Epoch 012] Train Loss: 0.6728
2026-04-27 02:05:24,936 | INFO | [Epoch 012] Val  -> Loss: 0.8432 | Acc: 0.7259 | Pre: 0.5307 | Rec: 0.4546 | F1: 0.4567
2026-04-27 02:05:24,936 | INFO | [Epoch 012] Test -> Loss: 0.6774 | Acc: 0.7898 | Pre: 0.5503 | Rec: 0.4190 | F1: 0.4519
2026-04-27 02:05:35,105 | INFO | [Epoch 013] Train Loss: 0.6690
2026-04-27 02:05:35,106 | INFO | [Epoch 013] Val  -> Loss: 0.8713 | Acc: 0.7278 | Pre: 0.5280 | Rec: 0.4666 | F1: 0.4688
2026-04-27 02:05:35,106 | INFO | [Epoch 013] Test -> Loss: 0.6976 | Acc: 0.7955 | Pre: 0.5684 | Rec: 0.4384 | F1: 0.4767
2026-04-27 02:05:35,107 | INFO | ⭐ New Best Val F1: 0.4688 (Model Saved)
2026-04-27 02:05:45,377 | INFO | [Epoch 014] Train Loss: 0.6670
2026-04-27 02:05:45,377 | INFO | [Epoch 014] Val  -> Loss: 0.9104 | Acc: 0.7239 | Pre: 0.5006 | Rec: 0.4512 | F1: 0.4419
2026-04-27 02:05:45,377 | INFO | [Epoch 014] Test -> Loss: 0.7308 | Acc: 0.7225 | Pre: 0.4799 | Rec: 0.3879 | F1: 0.4148
2026-04-27 02:05:55,820 | INFO | [Epoch 015] Train Loss: 0.6624
2026-04-27 02:05:55,821 | INFO | [Epoch 015] Val  -> Loss: 0.8617 | Acc: 0.7176 | Pre: 0.5058 | Rec: 0.4617 | F1: 0.4532
2026-04-27 02:05:55,821 | INFO | [Epoch 015] Test -> Loss: 0.7154 | Acc: 0.7249 | Pre: 0.4964 | Rec: 0.4324 | F1: 0.4572
2026-04-27 02:06:06,137 | INFO | [Epoch 016] Train Loss: 0.6608
2026-04-27 02:06:06,137 | INFO | [Epoch 016] Val  -> Loss: 0.8487 | Acc: 0.7268 | Pre: 0.5277 | Rec: 0.4469 | F1: 0.4503
2026-04-27 02:06:06,137 | INFO | [Epoch 016] Test -> Loss: 0.7206 | Acc: 0.7183 | Pre: 0.4721 | Rec: 0.3854 | F1: 0.4147
2026-04-27 02:06:16,480 | INFO | [Epoch 017] Train Loss: 0.6571
2026-04-27 02:06:16,480 | INFO | [Epoch 017] Val  -> Loss: 0.8916 | Acc: 0.7221 | Pre: 0.5051 | Rec: 0.4643 | F1: 0.4566
2026-04-27 02:06:16,480 | INFO | [Epoch 017] Test -> Loss: 0.7026 | Acc: 0.7235 | Pre: 0.5037 | Rec: 0.4086 | F1: 0.4391
2026-04-27 02:06:26,755 | INFO | [Epoch 018] Train Loss: 0.6555
2026-04-27 02:06:26,755 | INFO | [Epoch 018] Val  -> Loss: 0.8830 | Acc: 0.7202 | Pre: 0.4883 | Rec: 0.4502 | F1: 0.4391
2026-04-27 02:06:26,755 | INFO | [Epoch 018] Test -> Loss: 0.6833 | Acc: 0.8008 | Pre: 0.6115 | Rec: 0.4524 | F1: 0.4924
2026-04-27 02:06:36,986 | INFO | [Epoch 019] Train Loss: 0.6538
2026-04-27 02:06:36,986 | INFO | [Epoch 019] Val  -> Loss: 0.8852 | Acc: 0.7446 | Pre: 0.5905 | Rec: 0.4843 | F1: 0.4851
2026-04-27 02:06:36,986 | INFO | [Epoch 019] Test -> Loss: 0.7223 | Acc: 0.7247 | Pre: 0.4846 | Rec: 0.3877 | F1: 0.4121
2026-04-27 02:06:36,988 | INFO | ⭐ New Best Val F1: 0.4851 (Model Saved)
2026-04-27 02:06:47,222 | INFO | [Epoch 020] Train Loss: 0.6508
2026-04-27 02:06:47,222 | INFO | [Epoch 020] Val  -> Loss: 0.8506 | Acc: 0.7216 | Pre: 0.4948 | Rec: 0.4654 | F1: 0.4377
2026-04-27 02:06:47,222 | INFO | [Epoch 020] Test -> Loss: 0.6595 | Acc: 0.7930 | Pre: 0.5442 | Rec: 0.4066 | F1: 0.4372
2026-04-27 02:06:57,404 | INFO | [Epoch 021] Train Loss: 0.6498
2026-04-27 02:06:57,404 | INFO | [Epoch 021] Val  -> Loss: 0.9111 | Acc: 0.7207 | Pre: 0.4878 | Rec: 0.4520 | F1: 0.4422
2026-04-27 02:06:57,404 | INFO | [Epoch 021] Test -> Loss: 0.6812 | Acc: 0.7968 | Pre: 0.5930 | Rec: 0.4366 | F1: 0.4756
2026-04-27 02:07:07,662 | INFO | [Epoch 022] Train Loss: 0.6481
2026-04-27 02:07:07,662 | INFO | [Epoch 022] Val  -> Loss: 0.8643 | Acc: 0.7429 | Pre: 0.5788 | Rec: 0.4748 | F1: 0.4754
2026-04-27 02:07:07,662 | INFO | [Epoch 022] Test -> Loss: 0.6808 | Acc: 0.7971 | Pre: 0.5775 | Rec: 0.4198 | F1: 0.4550
2026-04-27 02:07:18,061 | INFO | [Epoch 023] Train Loss: 0.6465
2026-04-27 02:07:18,061 | INFO | [Epoch 023] Val  -> Loss: 0.8249 | Acc: 0.7298 | Pre: 0.5279 | Rec: 0.4624 | F1: 0.4604
2026-04-27 02:07:18,061 | INFO | [Epoch 023] Test -> Loss: 0.6925 | Acc: 0.7245 | Pre: 0.4940 | Rec: 0.4186 | F1: 0.4469
2026-04-27 02:07:28,376 | INFO | [Epoch 024] Train Loss: 0.6447
2026-04-27 02:07:28,376 | INFO | [Epoch 024] Val  -> Loss: 0.8673 | Acc: 0.7250 | Pre: 0.5265 | Rec: 0.4681 | F1: 0.4676
2026-04-27 02:07:28,376 | INFO | [Epoch 024] Test -> Loss: 0.6626 | Acc: 0.7945 | Pre: 0.5664 | Rec: 0.4358 | F1: 0.4752
2026-04-27 02:07:38,706 | INFO | [Epoch 025] Train Loss: 0.6439
2026-04-27 02:07:38,706 | INFO | [Epoch 025] Val  -> Loss: 0.8584 | Acc: 0.7265 | Pre: 0.5067 | Rec: 0.4473 | F1: 0.4378
2026-04-27 02:07:38,707 | INFO | [Epoch 025] Test -> Loss: 0.6567 | Acc: 0.7992 | Pre: 0.6214 | Rec: 0.4399 | F1: 0.4810
2026-04-27 02:07:49,002 | INFO | [Epoch 026] Train Loss: 0.6417
2026-04-27 02:07:49,002 | INFO | [Epoch 026] Val  -> Loss: 0.8856 | Acc: 0.7304 | Pre: 0.5293 | Rec: 0.4570 | F1: 0.4593
2026-04-27 02:07:49,002 | INFO | [Epoch 026] Test -> Loss: 0.6820 | Acc: 0.7934 | Pre: 0.5759 | Rec: 0.4565 | F1: 0.4872
2026-04-27 02:07:59,332 | INFO | [Epoch 027] Train Loss: 0.6401
2026-04-27 02:07:59,332 | INFO | [Epoch 027] Val  -> Loss: 0.9116 | Acc: 0.7284 | Pre: 0.5502 | Rec: 0.3996 | F1: 0.4310
2026-04-27 02:07:59,332 | INFO | [Epoch 027] Test -> Loss: 0.7209 | Acc: 0.7222 | Pre: 0.4965 | Rec: 0.3578 | F1: 0.3871
2026-04-27 02:08:09,657 | INFO | [Epoch 028] Train Loss: 0.6392
2026-04-27 02:08:09,657 | INFO | [Epoch 028] Val  -> Loss: 0.8753 | Acc: 0.7319 | Pre: 0.5216 | Rec: 0.4640 | F1: 0.4629
2026-04-27 02:08:09,657 | INFO | [Epoch 028] Test -> Loss: 0.6984 | Acc: 0.7941 | Pre: 0.5881 | Rec: 0.4465 | F1: 0.4852
2026-04-27 02:08:20,016 | INFO | [Epoch 029] Train Loss: 0.6376
2026-04-27 02:08:20,017 | INFO | [Epoch 029] Val  -> Loss: 0.8741 | Acc: 0.7207 | Pre: 0.4951 | Rec: 0.4588 | F1: 0.4444
2026-04-27 02:08:20,017 | INFO | [Epoch 029] Test -> Loss: 0.6833 | Acc: 0.7999 | Pre: 0.6096 | Rec: 0.4582 | F1: 0.4892
2026-04-27 02:08:30,357 | INFO | [Epoch 030] Train Loss: 0.6363
2026-04-27 02:08:30,357 | INFO | [Epoch 030] Val  -> Loss: 0.9101 | Acc: 0.7264 | Pre: 0.5063 | Rec: 0.4527 | F1: 0.4468
2026-04-27 02:08:30,357 | INFO | [Epoch 030] Test -> Loss: 0.6619 | Acc: 0.7998 | Pre: 0.6152 | Rec: 0.4552 | F1: 0.4924
2026-04-27 02:08:40,679 | INFO | [Epoch 031] Train Loss: 0.6364
2026-04-27 02:08:40,680 | INFO | [Epoch 031] Val  -> Loss: 0.8600 | Acc: 0.7324 | Pre: 0.5244 | Rec: 0.4716 | F1: 0.4662
2026-04-27 02:08:40,680 | INFO | [Epoch 031] Test -> Loss: 0.6829 | Acc: 0.7971 | Pre: 0.5710 | Rec: 0.4374 | F1: 0.4737
2026-04-27 02:08:51,454 | INFO | [Epoch 032] Train Loss: 0.6352
2026-04-27 02:08:51,454 | INFO | [Epoch 032] Val  -> Loss: 0.8776 | Acc: 0.7328 | Pre: 0.5307 | Rec: 0.4645 | F1: 0.4542
2026-04-27 02:08:51,454 | INFO | [Epoch 032] Test -> Loss: 0.6713 | Acc: 0.7976 | Pre: 0.5693 | Rec: 0.4311 | F1: 0.4678
2026-04-27 02:09:01,771 | INFO | [Epoch 033] Train Loss: 0.6340
2026-04-27 02:09:01,772 | INFO | [Epoch 033] Val  -> Loss: 0.9709 | Acc: 0.5670 | Pre: 0.4160 | Rec: 0.4155 | F1: 0.3903
2026-04-27 02:09:01,772 | INFO | [Epoch 033] Test -> Loss: 0.7241 | Acc: 0.7315 | Pre: 0.5053 | Rec: 0.4244 | F1: 0.4505
2026-04-27 02:09:12,137 | INFO | [Epoch 034] Train Loss: 0.6315
2026-04-27 02:09:12,137 | INFO | [Epoch 034] Val  -> Loss: 0.8481 | Acc: 0.7331 | Pre: 0.5339 | Rec: 0.4633 | F1: 0.4684
2026-04-27 02:09:12,137 | INFO | [Epoch 034] Test -> Loss: 0.6793 | Acc: 0.8006 | Pre: 0.5976 | Rec: 0.4449 | F1: 0.4892
2026-04-27 02:09:22,563 | INFO | [Epoch 035] Train Loss: 0.6319
2026-04-27 02:09:22,563 | INFO | [Epoch 035] Val  -> Loss: 0.9055 | Acc: 0.7291 | Pre: 0.5234 | Rec: 0.4572 | F1: 0.4605
2026-04-27 02:09:22,563 | INFO | [Epoch 035] Test -> Loss: 0.7096 | Acc: 0.7920 | Pre: 0.5591 | Rec: 0.4159 | F1: 0.4567
2026-04-27 02:09:32,993 | INFO | [Epoch 036] Train Loss: 0.6310
2026-04-27 02:09:32,993 | INFO | [Epoch 036] Val  -> Loss: 0.8934 | Acc: 0.7301 | Pre: 0.5327 | Rec: 0.4660 | F1: 0.4655
2026-04-27 02:09:32,993 | INFO | [Epoch 036] Test -> Loss: 0.6785 | Acc: 0.7930 | Pre: 0.5831 | Rec: 0.4511 | F1: 0.4889
2026-04-27 02:09:43,357 | INFO | [Epoch 037] Train Loss: 0.6301
2026-04-27 02:09:43,358 | INFO | [Epoch 037] Val  -> Loss: 0.9592 | Acc: 0.5583 | Pre: 0.3843 | Rec: 0.3907 | F1: 0.3735
2026-04-27 02:09:43,358 | INFO | [Epoch 037] Test -> Loss: 0.6880 | Acc: 0.7261 | Pre: 0.4901 | Rec: 0.4216 | F1: 0.4476
2026-04-27 02:09:53,766 | INFO | [Epoch 038] Train Loss: 0.6292
2026-04-27 02:09:53,766 | INFO | [Epoch 038] Val  -> Loss: 0.9978 | Acc: 0.5721 | Pre: 0.4351 | Rec: 0.4186 | F1: 0.4033
2026-04-27 02:09:53,766 | INFO | [Epoch 038] Test -> Loss: 0.6949 | Acc: 0.7279 | Pre: 0.5088 | Rec: 0.4221 | F1: 0.4518
2026-04-27 02:10:04,095 | INFO | [Epoch 039] Train Loss: 0.6284
2026-04-27 02:10:04,095 | INFO | [Epoch 039] Val  -> Loss: 0.9797 | Acc: 0.5544 | Pre: 0.4252 | Rec: 0.4408 | F1: 0.3934
2026-04-27 02:10:04,095 | INFO | [Epoch 039] Test -> Loss: 0.7308 | Acc: 0.7251 | Pre: 0.4840 | Rec: 0.4318 | F1: 0.4472
2026-04-27 02:10:14,384 | INFO | [Epoch 040] Train Loss: 0.6276
2026-04-27 02:10:14,384 | INFO | [Epoch 040] Val  -> Loss: 0.9213 | Acc: 0.7259 | Pre: 0.4798 | Rec: 0.4490 | F1: 0.4386
2026-04-27 02:10:14,384 | INFO | [Epoch 040] Test -> Loss: 0.6845 | Acc: 0.7958 | Pre: 0.5860 | Rec: 0.4303 | F1: 0.4729
2026-04-27 02:10:24,707 | INFO | [Epoch 041] Train Loss: 0.6264
2026-04-27 02:10:24,707 | INFO | [Epoch 041] Val  -> Loss: 0.9321 | Acc: 0.7147 | Pre: 0.5047 | Rec: 0.4528 | F1: 0.4574
2026-04-27 02:10:24,707 | INFO | [Epoch 041] Test -> Loss: 0.7022 | Acc: 0.7996 | Pre: 0.6219 | Rec: 0.4669 | F1: 0.5101
2026-04-27 02:10:35,022 | INFO | [Epoch 042] Train Loss: 0.6258
2026-04-27 02:10:35,022 | INFO | [Epoch 042] Val  -> Loss: 0.9841 | Acc: 0.7018 | Pre: 0.4955 | Rec: 0.4586 | F1: 0.4497
2026-04-27 02:10:35,022 | INFO | [Epoch 042] Test -> Loss: 0.7004 | Acc: 0.7961 | Pre: 0.5754 | Rec: 0.4421 | F1: 0.4801
2026-04-27 02:10:45,686 | INFO | [Epoch 043] Train Loss: 0.6242
2026-04-27 02:10:45,687 | INFO | [Epoch 043] Val  -> Loss: 0.9059 | Acc: 0.7342 | Pre: 0.5553 | Rec: 0.4698 | F1: 0.4818
2026-04-27 02:10:45,687 | INFO | [Epoch 043] Test -> Loss: 0.6737 | Acc: 0.7972 | Pre: 0.5877 | Rec: 0.4357 | F1: 0.4791
2026-04-27 02:10:55,969 | INFO | [Epoch 044] Train Loss: 0.6246
2026-04-27 02:10:55,969 | INFO | [Epoch 044] Val  -> Loss: 0.9435 | Acc: 0.7078 | Pre: 0.4908 | Rec: 0.4581 | F1: 0.4533
2026-04-27 02:10:55,969 | INFO | [Epoch 044] Test -> Loss: 0.7124 | Acc: 0.7254 | Pre: 0.5138 | Rec: 0.4336 | F1: 0.4643
2026-04-27 02:11:06,277 | INFO | [Epoch 045] Train Loss: 0.6237
2026-04-27 02:11:06,277 | INFO | [Epoch 045] Val  -> Loss: 0.9483 | Acc: 0.7225 | Pre: 0.5270 | Rec: 0.4698 | F1: 0.4736
2026-04-27 02:11:06,277 | INFO | [Epoch 045] Test -> Loss: 0.6913 | Acc: 0.7991 | Pre: 0.6108 | Rec: 0.4787 | F1: 0.5162
2026-04-27 02:11:16,615 | INFO | [Epoch 046] Train Loss: 0.6231
2026-04-27 02:11:16,615 | INFO | [Epoch 046] Val  -> Loss: 0.8871 | Acc: 0.7172 | Pre: 0.5008 | Rec: 0.4604 | F1: 0.4574
2026-04-27 02:11:16,615 | INFO | [Epoch 046] Test -> Loss: 0.6751 | Acc: 0.7991 | Pre: 0.6075 | Rec: 0.4647 | F1: 0.5057
2026-04-27 02:11:27,070 | INFO | [Epoch 047] Train Loss: 0.6224
2026-04-27 02:11:27,070 | INFO | [Epoch 047] Val  -> Loss: 0.9225 | Acc: 0.7285 | Pre: 0.5476 | Rec: 0.3744 | F1: 0.4074
2026-04-27 02:11:27,070 | INFO | [Epoch 047] Test -> Loss: 0.6930 | Acc: 0.8020 | Pre: 0.6108 | Rec: 0.4252 | F1: 0.4641
2026-04-27 02:11:37,394 | INFO | [Epoch 048] Train Loss: 0.6228
2026-04-27 02:11:37,394 | INFO | [Epoch 048] Val  -> Loss: 0.9025 | Acc: 0.7279 | Pre: 0.5454 | Rec: 0.4689 | F1: 0.4717
2026-04-27 02:11:37,394 | INFO | [Epoch 048] Test -> Loss: 0.7046 | Acc: 0.7265 | Pre: 0.5181 | Rec: 0.4157 | F1: 0.4445
2026-04-27 02:11:48,672 | INFO | [Epoch 049] Train Loss: 0.6212
2026-04-27 02:11:48,672 | INFO | [Epoch 049] Val  -> Loss: 0.9800 | Acc: 0.5600 | Pre: 0.3768 | Rec: 0.4035 | F1: 0.3636
2026-04-27 02:11:48,672 | INFO | [Epoch 049] Test -> Loss: 0.7233 | Acc: 0.6521 | Pre: 0.4687 | Rec: 0.3895 | F1: 0.4059
2026-04-27 02:11:58,982 | INFO | [Epoch 050] Train Loss: 0.6216
2026-04-27 02:11:58,982 | INFO | [Epoch 050] Val  -> Loss: 0.9352 | Acc: 0.7213 | Pre: 0.4994 | Rec: 0.4367 | F1: 0.4351
2026-04-27 02:11:58,982 | INFO | [Epoch 050] Test -> Loss: 0.6862 | Acc: 0.8001 | Pre: 0.6073 | Rec: 0.4865 | F1: 0.5162
2026-04-27 02:11:58,982 | INFO | 🏁 Finished. Total Time: 0.28h
