2026-04-27 02:11:59,120 | INFO | 🚀 Device: cuda | Experiment: module2/TAGCN/checkpoints_finetune/None/
2026-04-27 02:11:59,123 | INFO | Loading module1/data_preprocessing/output/finetune/train.jsonl (4087.03 MB)...
2026-04-27 02:19:12,168 | INFO | Successfully cached 78222 samples.
2026-04-27 02:19:12,168 | INFO | Loading module1/data_preprocessing/output/finetune/val.jsonl (468.01 MB)...
2026-04-27 02:19:50,222 | INFO | Successfully cached 6520 samples.
2026-04-27 02:19:50,222 | INFO | Loading module1/data_preprocessing/output/finetune/test.jsonl (376.63 MB)...
2026-04-27 02:20:23,645 | INFO | Successfully cached 7042 samples.
2026-04-27 02:20:34,380 | INFO | [Epoch 001] Train Loss: 0.8705
2026-04-27 02:20:34,380 | INFO | [Epoch 001] Val  -> Loss: 0.7828 | Acc: 0.7097 | Pre: 0.5076 | Rec: 0.4188 | F1: 0.4150
2026-04-27 02:20:34,380 | INFO | [Epoch 001] Test -> Loss: 0.8047 | Acc: 0.7702 | Pre: 0.4686 | Rec: 0.3666 | F1: 0.3842
2026-04-27 02:20:34,382 | INFO | ⭐ New Best Val F1: 0.4150 (Model Saved)
2026-04-27 02:20:45,095 | INFO | [Epoch 002] Train Loss: 0.7847
2026-04-27 02:20:45,095 | INFO | [Epoch 002] Val  -> Loss: 0.7847 | Acc: 0.7014 | Pre: 0.4367 | Rec: 0.4165 | F1: 0.4029
2026-04-27 02:20:45,095 | INFO | [Epoch 002] Test -> Loss: 0.7662 | Acc: 0.7063 | Pre: 0.4241 | Rec: 0.3569 | F1: 0.3781
2026-04-27 02:20:55,818 | INFO | [Epoch 003] Train Loss: 0.7495
2026-04-27 02:20:55,818 | INFO | [Epoch 003] Val  -> Loss: 0.7996 | Acc: 0.7107 | Pre: 0.5004 | Rec: 0.4341 | F1: 0.4355
2026-04-27 02:20:55,818 | INFO | [Epoch 003] Test -> Loss: 0.7809 | Acc: 0.7016 | Pre: 0.4205 | Rec: 0.3806 | F1: 0.3954
2026-04-27 02:20:55,820 | INFO | ⭐ New Best Val F1: 0.4355 (Model Saved)
2026-04-27 02:21:06,487 | INFO | [Epoch 004] Train Loss: 0.7324
2026-04-27 02:21:06,487 | INFO | [Epoch 004] Val  -> Loss: 0.8024 | Acc: 0.7199 | Pre: 0.5201 | Rec: 0.4294 | F1: 0.4295
2026-04-27 02:21:06,487 | INFO | [Epoch 004] Test -> Loss: 0.7350 | Acc: 0.7103 | Pre: 0.4484 | Rec: 0.3672 | F1: 0.3935
2026-04-27 02:21:17,178 | INFO | [Epoch 005] Train Loss: 0.7180
2026-04-27 02:21:17,178 | INFO | [Epoch 005] Val  -> Loss: 0.7809 | Acc: 0.7337 | Pre: 0.5789 | Rec: 0.4757 | F1: 0.4803
2026-04-27 02:21:17,178 | INFO | [Epoch 005] Test -> Loss: 0.7657 | Acc: 0.7059 | Pre: 0.4063 | Rec: 0.3674 | F1: 0.3812
2026-04-27 02:21:17,179 | INFO | ⭐ New Best Val F1: 0.4803 (Model Saved)
2026-04-27 02:21:28,579 | INFO | [Epoch 006] Train Loss: 0.7051
2026-04-27 02:21:28,579 | INFO | [Epoch 006] Val  -> Loss: 0.8364 | Acc: 0.7276 | Pre: 0.5516 | Rec: 0.4418 | F1: 0.4487
2026-04-27 02:21:28,579 | INFO | [Epoch 006] Test -> Loss: 0.7114 | Acc: 0.7112 | Pre: 0.4325 | Rec: 0.3517 | F1: 0.3759
2026-04-27 02:21:39,285 | INFO | [Epoch 007] Train Loss: 0.6991
2026-04-27 02:21:39,285 | INFO | [Epoch 007] Val  -> Loss: 0.8499 | Acc: 0.7282 | Pre: 0.5489 | Rec: 0.4563 | F1: 0.4568
2026-04-27 02:21:39,285 | INFO | [Epoch 007] Test -> Loss: 0.6921 | Acc: 0.7894 | Pre: 0.5468 | Rec: 0.4013 | F1: 0.4389
2026-04-27 02:21:50,288 | INFO | [Epoch 008] Train Loss: 0.6915
2026-04-27 02:21:50,289 | INFO | [Epoch 008] Val  -> Loss: 0.8573 | Acc: 0.7190 | Pre: 0.5342 | Rec: 0.3796 | F1: 0.4116
2026-04-27 02:21:50,289 | INFO | [Epoch 008] Test -> Loss: 0.7214 | Acc: 0.7130 | Pre: 0.4224 | Rec: 0.3291 | F1: 0.3453
2026-04-27 02:22:00,986 | INFO | [Epoch 009] Train Loss: 0.6864
2026-04-27 02:22:00,986 | INFO | [Epoch 009] Val  -> Loss: 0.8244 | Acc: 0.7410 | Pre: 0.5961 | Rec: 0.4801 | F1: 0.4946
2026-04-27 02:22:00,986 | INFO | [Epoch 009] Test -> Loss: 0.6813 | Acc: 0.7819 | Pre: 0.5372 | Rec: 0.3924 | F1: 0.4288
2026-04-27 02:22:00,988 | INFO | ⭐ New Best Val F1: 0.4946 (Model Saved)
2026-04-27 02:22:11,706 | INFO | [Epoch 010] Train Loss: 0.6805
2026-04-27 02:22:11,706 | INFO | [Epoch 010] Val  -> Loss: 0.8938 | Acc: 0.7006 | Pre: 0.4336 | Rec: 0.3642 | F1: 0.3737
2026-04-27 02:22:11,706 | INFO | [Epoch 010] Test -> Loss: 0.6957 | Acc: 0.7746 | Pre: 0.4787 | Rec: 0.3456 | F1: 0.3686
2026-04-27 02:22:22,422 | INFO | [Epoch 011] Train Loss: 0.6755
2026-04-27 02:22:22,422 | INFO | [Epoch 011] Val  -> Loss: 0.8601 | Acc: 0.7218 | Pre: 0.5262 | Rec: 0.4532 | F1: 0.4480
2026-04-27 02:22:22,422 | INFO | [Epoch 011] Test -> Loss: 0.6881 | Acc: 0.7905 | Pre: 0.5782 | Rec: 0.4277 | F1: 0.4688
2026-04-27 02:22:33,133 | INFO | [Epoch 012] Train Loss: 0.6721
2026-04-27 02:22:33,133 | INFO | [Epoch 012] Val  -> Loss: 0.8751 | Acc: 0.7055 | Pre: 0.4302 | Rec: 0.4233 | F1: 0.4042
2026-04-27 02:22:33,133 | INFO | [Epoch 012] Test -> Loss: 0.6995 | Acc: 0.7836 | Pre: 0.5481 | Rec: 0.4168 | F1: 0.4510
2026-04-27 02:22:43,804 | INFO | [Epoch 013] Train Loss: 0.6689
2026-04-27 02:22:43,804 | INFO | [Epoch 013] Val  -> Loss: 0.9202 | Acc: 0.7169 | Pre: 0.4576 | Rec: 0.4387 | F1: 0.4225
2026-04-27 02:22:43,804 | INFO | [Epoch 013] Test -> Loss: 0.6824 | Acc: 0.7891 | Pre: 0.5720 | Rec: 0.4210 | F1: 0.4608
2026-04-27 02:22:54,517 | INFO | [Epoch 014] Train Loss: 0.6654
2026-04-27 02:22:54,517 | INFO | [Epoch 014] Val  -> Loss: 0.8648 | Acc: 0.7216 | Pre: 0.5213 | Rec: 0.4515 | F1: 0.4545
2026-04-27 02:22:54,517 | INFO | [Epoch 014] Test -> Loss: 0.6979 | Acc: 0.7897 | Pre: 0.5758 | Rec: 0.4365 | F1: 0.4792
2026-04-27 02:23:05,270 | INFO | [Epoch 015] Train Loss: 0.6630
2026-04-27 02:23:05,270 | INFO | [Epoch 015] Val  -> Loss: 0.8638 | Acc: 0.7252 | Pre: 0.4962 | Rec: 0.4660 | F1: 0.4559
2026-04-27 02:23:05,270 | INFO | [Epoch 015] Test -> Loss: 0.6710 | Acc: 0.7903 | Pre: 0.5715 | Rec: 0.4426 | F1: 0.4832
2026-04-27 02:23:16,031 | INFO | [Epoch 016] Train Loss: 0.6597
2026-04-27 02:23:16,031 | INFO | [Epoch 016] Val  -> Loss: 0.8925 | Acc: 0.7209 | Pre: 0.5216 | Rec: 0.4554 | F1: 0.4530
2026-04-27 02:23:16,031 | INFO | [Epoch 016] Test -> Loss: 0.7188 | Acc: 0.7802 | Pre: 0.5660 | Rec: 0.4345 | F1: 0.4675
2026-04-27 02:23:26,786 | INFO | [Epoch 017] Train Loss: 0.6565
2026-04-27 02:23:26,787 | INFO | [Epoch 017] Val  -> Loss: 0.9431 | Acc: 0.7150 | Pre: 0.4627 | Rec: 0.4601 | F1: 0.4382
2026-04-27 02:23:26,787 | INFO | [Epoch 017] Test -> Loss: 0.6838 | Acc: 0.7856 | Pre: 0.5477 | Rec: 0.4560 | F1: 0.4789
2026-04-27 02:23:38,380 | INFO | [Epoch 018] Train Loss: 0.6555
2026-04-27 02:23:38,380 | INFO | [Epoch 018] Val  -> Loss: 0.9223 | Acc: 0.7210 | Pre: 0.4750 | Rec: 0.4498 | F1: 0.4363
2026-04-27 02:23:38,380 | INFO | [Epoch 018] Test -> Loss: 0.6625 | Acc: 0.7866 | Pre: 0.5674 | Rec: 0.4288 | F1: 0.4692
2026-04-27 02:23:49,096 | INFO | [Epoch 019] Train Loss: 0.6528
2026-04-27 02:23:49,096 | INFO | [Epoch 019] Val  -> Loss: 0.9260 | Acc: 0.7201 | Pre: 0.5090 | Rec: 0.3767 | F1: 0.4063
2026-04-27 02:23:49,096 | INFO | [Epoch 019] Test -> Loss: 0.6957 | Acc: 0.7844 | Pre: 0.5524 | Rec: 0.3854 | F1: 0.4224
2026-04-27 02:23:59,819 | INFO | [Epoch 020] Train Loss: 0.6509
2026-04-27 02:23:59,819 | INFO | [Epoch 020] Val  -> Loss: 0.9841 | Acc: 0.7166 | Pre: 0.4649 | Rec: 0.4585 | F1: 0.4395
2026-04-27 02:23:59,819 | INFO | [Epoch 020] Test -> Loss: 0.6916 | Acc: 0.7789 | Pre: 0.5291 | Rec: 0.4448 | F1: 0.4700
2026-04-27 02:24:10,547 | INFO | [Epoch 021] Train Loss: 0.6491
2026-04-27 02:24:10,547 | INFO | [Epoch 021] Val  -> Loss: 0.8701 | Acc: 0.7351 | Pre: 0.5485 | Rec: 0.4815 | F1: 0.4821
2026-04-27 02:24:10,547 | INFO | [Epoch 021] Test -> Loss: 0.6866 | Acc: 0.7913 | Pre: 0.5648 | Rec: 0.4426 | F1: 0.4816
2026-04-27 02:24:21,271 | INFO | [Epoch 022] Train Loss: 0.6479
2026-04-27 02:24:21,271 | INFO | [Epoch 022] Val  -> Loss: 0.9621 | Acc: 0.7137 | Pre: 0.4492 | Rec: 0.4242 | F1: 0.4041
2026-04-27 02:24:21,271 | INFO | [Epoch 022] Test -> Loss: 0.6497 | Acc: 0.7942 | Pre: 0.5996 | Rec: 0.4334 | F1: 0.4718
2026-04-27 02:24:32,049 | INFO | [Epoch 023] Train Loss: 0.6472
2026-04-27 02:24:32,050 | INFO | [Epoch 023] Val  -> Loss: 0.9524 | Acc: 0.7164 | Pre: 0.4915 | Rec: 0.3882 | F1: 0.4154
2026-04-27 02:24:32,050 | INFO | [Epoch 023] Test -> Loss: 0.6926 | Acc: 0.7859 | Pre: 0.5601 | Rec: 0.4140 | F1: 0.4472
2026-04-27 02:24:42,984 | INFO | [Epoch 024] Train Loss: 0.6437
2026-04-27 02:24:42,984 | INFO | [Epoch 024] Val  -> Loss: 0.8781 | Acc: 0.7340 | Pre: 0.5526 | Rec: 0.4760 | F1: 0.4762
2026-04-27 02:24:42,984 | INFO | [Epoch 024] Test -> Loss: 0.6584 | Acc: 0.7907 | Pre: 0.5553 | Rec: 0.4209 | F1: 0.4559
2026-04-27 02:24:53,665 | INFO | [Epoch 025] Train Loss: 0.6422
2026-04-27 02:24:53,665 | INFO | [Epoch 025] Val  -> Loss: 0.9256 | Acc: 0.7337 | Pre: 0.5475 | Rec: 0.4592 | F1: 0.4534
2026-04-27 02:24:53,665 | INFO | [Epoch 025] Test -> Loss: 0.6565 | Acc: 0.7945 | Pre: 0.5784 | Rec: 0.4176 | F1: 0.4575
2026-04-27 02:25:04,331 | INFO | [Epoch 026] Train Loss: 0.6415
2026-04-27 02:25:04,331 | INFO | [Epoch 026] Val  -> Loss: 0.9227 | Acc: 0.7371 | Pre: 0.5505 | Rec: 0.4741 | F1: 0.4736
2026-04-27 02:25:04,331 | INFO | [Epoch 026] Test -> Loss: 0.6703 | Acc: 0.7844 | Pre: 0.5182 | Rec: 0.3987 | F1: 0.4308
2026-04-27 02:25:15,069 | INFO | [Epoch 027] Train Loss: 0.6397
2026-04-27 02:25:15,070 | INFO | [Epoch 027] Val  -> Loss: 0.9630 | Acc: 0.7201 | Pre: 0.4747 | Rec: 0.4418 | F1: 0.4269
2026-04-27 02:25:15,070 | INFO | [Epoch 027] Test -> Loss: 0.6837 | Acc: 0.7810 | Pre: 0.5089 | Rec: 0.3891 | F1: 0.4153
2026-04-27 02:25:25,805 | INFO | [Epoch 028] Train Loss: 0.6389
2026-04-27 02:25:25,805 | INFO | [Epoch 028] Val  -> Loss: 0.9385 | Acc: 0.7265 | Pre: 0.5182 | Rec: 0.4690 | F1: 0.4637
2026-04-27 02:25:25,805 | INFO | [Epoch 028] Test -> Loss: 0.6692 | Acc: 0.7968 | Pre: 0.5790 | Rec: 0.4390 | F1: 0.4791
2026-04-27 02:25:36,762 | INFO | [Epoch 029] Train Loss: 0.6377
2026-04-27 02:25:36,762 | INFO | [Epoch 029] Val  -> Loss: 1.0063 | Acc: 0.5477 | Pre: 0.3368 | Rec: 0.3777 | F1: 0.3438
2026-04-27 02:25:36,763 | INFO | [Epoch 029] Test -> Loss: 0.6984 | Acc: 0.7254 | Pre: 0.5095 | Rec: 0.4359 | F1: 0.4646
2026-04-27 02:25:47,463 | INFO | [Epoch 030] Train Loss: 0.6361
2026-04-27 02:25:47,463 | INFO | [Epoch 030] Val  -> Loss: 0.9303 | Acc: 0.7238 | Pre: 0.4888 | Rec: 0.4576 | F1: 0.4469
2026-04-27 02:25:47,463 | INFO | [Epoch 030] Test -> Loss: 0.6617 | Acc: 0.7894 | Pre: 0.5514 | Rec: 0.4275 | F1: 0.4622
2026-04-27 02:25:58,219 | INFO | [Epoch 031] Train Loss: 0.6373
2026-04-27 02:25:58,219 | INFO | [Epoch 031] Val  -> Loss: 0.9835 | Acc: 0.5485 | Pre: 0.3595 | Rec: 0.3883 | F1: 0.3579
2026-04-27 02:25:58,219 | INFO | [Epoch 031] Test -> Loss: 0.6916 | Acc: 0.7205 | Pre: 0.5005 | Rec: 0.4197 | F1: 0.4483
2026-04-27 02:26:09,322 | INFO | [Epoch 032] Train Loss: 0.6350
2026-04-27 02:26:09,322 | INFO | [Epoch 032] Val  -> Loss: 0.9713 | Acc: 0.5646 | Pre: 0.4076 | Rec: 0.4107 | F1: 0.3813
2026-04-27 02:26:09,322 | INFO | [Epoch 032] Test -> Loss: 0.6920 | Acc: 0.7275 | Pre: 0.5219 | Rec: 0.4320 | F1: 0.4616
2026-04-27 02:26:19,999 | INFO | [Epoch 033] Train Loss: 0.6333
2026-04-27 02:26:19,999 | INFO | [Epoch 033] Val  -> Loss: 1.0351 | Acc: 0.5571 | Pre: 0.3705 | Rec: 0.3730 | F1: 0.3566
2026-04-27 02:26:19,999 | INFO | [Epoch 033] Test -> Loss: 0.7081 | Acc: 0.7274 | Pre: 0.4883 | Rec: 0.4117 | F1: 0.4396
2026-04-27 02:26:30,691 | INFO | [Epoch 034] Train Loss: 0.6327
2026-04-27 02:26:30,691 | INFO | [Epoch 034] Val  -> Loss: 1.0637 | Acc: 0.5506 | Pre: 0.3683 | Rec: 0.3855 | F1: 0.3619
2026-04-27 02:26:30,691 | INFO | [Epoch 034] Test -> Loss: 0.7181 | Acc: 0.7283 | Pre: 0.5248 | Rec: 0.4441 | F1: 0.4751
2026-04-27 02:26:41,603 | INFO | [Epoch 035] Train Loss: 0.6322
2026-04-27 02:26:41,603 | INFO | [Epoch 035] Val  -> Loss: 1.0145 | Acc: 0.5560 | Pre: 0.3799 | Rec: 0.4168 | F1: 0.3762
2026-04-27 02:26:41,603 | INFO | [Epoch 035] Test -> Loss: 0.7087 | Acc: 0.7205 | Pre: 0.4854 | Rec: 0.4198 | F1: 0.4439
2026-04-27 02:26:52,321 | INFO | [Epoch 036] Train Loss: 0.6303
2026-04-27 02:26:52,321 | INFO | [Epoch 036] Val  -> Loss: 0.9776 | Acc: 0.5598 | Pre: 0.3833 | Rec: 0.3155 | F1: 0.3242
2026-04-27 02:26:52,321 | INFO | [Epoch 036] Test -> Loss: 0.6818 | Acc: 0.7234 | Pre: 0.4937 | Rec: 0.3836 | F1: 0.4143
2026-04-27 02:27:02,986 | INFO | [Epoch 037] Train Loss: 0.6303
2026-04-27 02:27:02,986 | INFO | [Epoch 037] Val  -> Loss: 0.9836 | Acc: 0.5520 | Pre: 0.3630 | Rec: 0.3961 | F1: 0.3624
2026-04-27 02:27:02,986 | INFO | [Epoch 037] Test -> Loss: 0.6984 | Acc: 0.7197 | Pre: 0.4858 | Rec: 0.4251 | F1: 0.4473
2026-04-27 02:27:13,647 | INFO | [Epoch 038] Train Loss: 0.6297
2026-04-27 02:27:13,647 | INFO | [Epoch 038] Val  -> Loss: 0.9998 | Acc: 0.5660 | Pre: 0.4209 | Rec: 0.4251 | F1: 0.4023
2026-04-27 02:27:13,647 | INFO | [Epoch 038] Test -> Loss: 0.6990 | Acc: 0.7259 | Pre: 0.5069 | Rec: 0.4435 | F1: 0.4691
2026-04-27 02:27:24,354 | INFO | [Epoch 039] Train Loss: 0.6291
2026-04-27 02:27:24,354 | INFO | [Epoch 039] Val  -> Loss: 1.0103 | Acc: 0.5673 | Pre: 0.4151 | Rec: 0.4122 | F1: 0.3861
2026-04-27 02:27:24,354 | INFO | [Epoch 039] Test -> Loss: 0.7021 | Acc: 0.7259 | Pre: 0.4995 | Rec: 0.4190 | F1: 0.4447
2026-04-27 02:27:35,043 | INFO | [Epoch 040] Train Loss: 0.6278
2026-04-27 02:27:35,044 | INFO | [Epoch 040] Val  -> Loss: 0.9798 | Acc: 0.7265 | Pre: 0.4945 | Rec: 0.4543 | F1: 0.4453
2026-04-27 02:27:35,044 | INFO | [Epoch 040] Test -> Loss: 0.6770 | Acc: 0.7952 | Pre: 0.6052 | Rec: 0.4550 | F1: 0.4919
2026-04-27 02:27:46,104 | INFO | [Epoch 041] Train Loss: 0.6272
2026-04-27 02:27:46,104 | INFO | [Epoch 041] Val  -> Loss: 1.0431 | Acc: 0.5558 | Pre: 0.3827 | Rec: 0.3891 | F1: 0.3717
2026-04-27 02:27:46,104 | INFO | [Epoch 041] Test -> Loss: 0.7099 | Acc: 0.7237 | Pre: 0.4922 | Rec: 0.4152 | F1: 0.4435
2026-04-27 02:27:56,763 | INFO | [Epoch 042] Train Loss: 0.6259
2026-04-27 02:27:56,763 | INFO | [Epoch 042] Val  -> Loss: 1.0180 | Acc: 0.5380 | Pre: 0.3791 | Rec: 0.4046 | F1: 0.3709
2026-04-27 02:27:56,763 | INFO | [Epoch 042] Test -> Loss: 0.6881 | Acc: 0.7278 | Pre: 0.5109 | Rec: 0.4428 | F1: 0.4699
2026-04-27 02:28:07,577 | INFO | [Epoch 043] Train Loss: 0.6261
2026-04-27 02:28:07,577 | INFO | [Epoch 043] Val  -> Loss: 0.9900 | Acc: 0.5578 | Pre: 0.3797 | Rec: 0.3885 | F1: 0.3688
2026-04-27 02:28:07,577 | INFO | [Epoch 043] Test -> Loss: 0.7254 | Acc: 0.7247 | Pre: 0.5056 | Rec: 0.4375 | F1: 0.4644
2026-04-27 02:28:18,622 | INFO | [Epoch 044] Train Loss: 0.6254
2026-04-27 02:28:18,622 | INFO | [Epoch 044] Val  -> Loss: 1.1404 | Acc: 0.5538 | Pre: 0.4466 | Rec: 0.4154 | F1: 0.3951
2026-04-27 02:28:18,622 | INFO | [Epoch 044] Test -> Loss: 0.7554 | Acc: 0.7225 | Pre: 0.5075 | Rec: 0.4259 | F1: 0.4483
2026-04-27 02:28:29,342 | INFO | [Epoch 045] Train Loss: 0.6239
2026-04-27 02:28:29,343 | INFO | [Epoch 045] Val  -> Loss: 1.0395 | Acc: 0.5357 | Pre: 0.3503 | Rec: 0.3822 | F1: 0.3509
2026-04-27 02:28:29,343 | INFO | [Epoch 045] Test -> Loss: 0.7227 | Acc: 0.7238 | Pre: 0.4864 | Rec: 0.4061 | F1: 0.4337
2026-04-27 02:28:40,599 | INFO | [Epoch 046] Train Loss: 0.6236
2026-04-27 02:28:40,599 | INFO | [Epoch 046] Val  -> Loss: 1.1086 | Acc: 0.5410 | Pre: 0.3723 | Rec: 0.3945 | F1: 0.3631
2026-04-27 02:28:40,599 | INFO | [Epoch 046] Test -> Loss: 0.7396 | Acc: 0.7326 | Pre: 0.5116 | Rec: 0.4294 | F1: 0.4550
2026-04-27 02:28:51,309 | INFO | [Epoch 047] Train Loss: 0.6230
2026-04-27 02:28:51,309 | INFO | [Epoch 047] Val  -> Loss: 1.0473 | Acc: 0.5558 | Pre: 0.3803 | Rec: 0.3921 | F1: 0.3666
2026-04-27 02:28:51,309 | INFO | [Epoch 047] Test -> Loss: 0.6967 | Acc: 0.7241 | Pre: 0.4868 | Rec: 0.4400 | F1: 0.4576
2026-04-27 02:29:02,425 | INFO | [Epoch 048] Train Loss: 0.6225
2026-04-27 02:29:02,425 | INFO | [Epoch 048] Val  -> Loss: 1.0573 | Acc: 0.5598 | Pre: 0.3733 | Rec: 0.4012 | F1: 0.3656
2026-04-27 02:29:02,425 | INFO | [Epoch 048] Test -> Loss: 0.7032 | Acc: 0.7261 | Pre: 0.5120 | Rec: 0.4269 | F1: 0.4535
2026-04-27 02:29:13,302 | INFO | [Epoch 049] Train Loss: 0.6218
2026-04-27 02:29:13,302 | INFO | [Epoch 049] Val  -> Loss: 0.9934 | Acc: 0.5429 | Pre: 0.3732 | Rec: 0.3895 | F1: 0.3722
2026-04-27 02:29:13,302 | INFO | [Epoch 049] Test -> Loss: 0.6978 | Acc: 0.7261 | Pre: 0.5088 | Rec: 0.4418 | F1: 0.4687
2026-04-27 02:29:23,954 | INFO | [Epoch 050] Train Loss: 0.6209
2026-04-27 02:29:23,955 | INFO | [Epoch 050] Val  -> Loss: 1.1091 | Acc: 0.5339 | Pre: 0.3500 | Rec: 0.3746 | F1: 0.3430
2026-04-27 02:29:23,955 | INFO | [Epoch 050] Test -> Loss: 0.7532 | Acc: 0.7211 | Pre: 0.4883 | Rec: 0.4268 | F1: 0.4450
2026-04-27 02:29:23,955 | INFO | 🏁 Finished. Total Time: 0.29h
