2026-04-27 08:42:46,929 | INFO | Device: cuda
2026-04-27 08:42:46,929 | INFO | Using TOP_K (max_neighbors): 1
2026-04-27 08:42:46,929 | INFO | Loading dataset into RAM: module3/db_data/rac_train_pairs.jsonl
2026-04-27 08:42:46,929 | INFO | Total file size: 57.62 GB
2026-04-27 09:02:48,203 | INFO | Successfully cached 78222 samples.
2026-04-27 09:02:48,205 | INFO | Loading dataset into RAM: module3/db_data/rac_val_pairs.jsonl
2026-04-27 09:02:48,205 | INFO | Total file size: 7.14 GB
2026-04-27 09:04:44,025 | INFO | Successfully cached 6520 samples.
2026-04-27 09:04:44,025 | INFO | Loading dataset into RAM: module3/db_data/rac_test_pairs.jsonl
2026-04-27 09:04:44,025 | INFO | Total file size: 6.65 GB
2026-04-27 09:06:55,146 | INFO | Successfully cached 7042 samples.
2026-04-27 09:06:55,286 | INFO | Loading pretrained encoder: module2/TAGCN/checkpoints_pretrain/DAPT/reconstruct_best.pt
2026-04-27 09:07:08,754 | INFO | --- Epoch 1 Report ---
2026-04-27 09:07:08,754 | INFO | Train Loss: 1.0286
2026-04-27 09:07:08,754 | INFO | Val  -> Loss: 0.8776 | Acc: 0.7038 | Pre: 0.3675 | Rec: 0.3627 | F1: 0.3292
2026-04-27 09:07:08,754 | INFO | Test -> Loss: 0.8072 | Acc: 0.7640 | Pre: 0.3427 | Rec: 0.3151 | F1: 0.3023
2026-04-27 09:07:08,758 | INFO | 🏆 Saved best model → module3/db_data/checkpoints_rac/DAPT/TOP_K_1/rac_best_epoch1_f10.3292.pt
2026-04-27 09:07:23,011 | INFO | --- Epoch 2 Report ---
2026-04-27 09:07:23,011 | INFO | Train Loss: 0.8015
2026-04-27 09:07:23,011 | INFO | Val  -> Loss: 0.8863 | Acc: 0.7075 | Pre: 0.4891 | Rec: 0.3920 | F1: 0.3722
2026-04-27 09:07:23,011 | INFO | Test -> Loss: 0.8143 | Acc: 0.7692 | Pre: 0.4771 | Rec: 0.3762 | F1: 0.3806
2026-04-27 09:07:23,015 | INFO | 🏆 Saved best model → module3/db_data/checkpoints_rac/DAPT/TOP_K_1/rac_best_epoch2_f10.3722.pt
2026-04-27 09:07:37,455 | INFO | --- Epoch 3 Report ---
2026-04-27 09:07:37,455 | INFO | Train Loss: 0.7367
2026-04-27 09:07:37,455 | INFO | Val  -> Loss: 0.8956 | Acc: 0.7035 | Pre: 0.4558 | Rec: 0.3400 | F1: 0.3547
2026-04-27 09:07:37,455 | INFO | Test -> Loss: 0.8499 | Acc: 0.7623 | Pre: 0.4176 | Rec: 0.3203 | F1: 0.3328
2026-04-27 09:07:51,921 | INFO | --- Epoch 4 Report ---
2026-04-27 09:07:51,921 | INFO | Train Loss: 0.6934
2026-04-27 09:07:51,921 | INFO | Val  -> Loss: 0.8985 | Acc: 0.7066 | Pre: 0.5069 | Rec: 0.4291 | F1: 0.4175
2026-04-27 09:07:51,921 | INFO | Test -> Loss: 0.8887 | Acc: 0.7637 | Pre: 0.4811 | Rec: 0.3801 | F1: 0.4005
2026-04-27 09:07:51,924 | INFO | 🏆 Saved best model → module3/db_data/checkpoints_rac/DAPT/TOP_K_1/rac_best_epoch4_f10.4175.pt
2026-04-27 09:08:06,534 | INFO | --- Epoch 5 Report ---
2026-04-27 09:08:06,534 | INFO | Train Loss: 0.6614
2026-04-27 09:08:06,534 | INFO | Val  -> Loss: 0.9335 | Acc: 0.7107 | Pre: 0.4727 | Rec: 0.4416 | F1: 0.4022
2026-04-27 09:08:06,534 | INFO | Test -> Loss: 0.8373 | Acc: 0.7755 | Pre: 0.4884 | Rec: 0.3819 | F1: 0.4013
2026-04-27 09:08:20,468 | INFO | --- Epoch 6 Report ---
2026-04-27 09:08:20,468 | INFO | Train Loss: 0.6374
2026-04-27 09:08:20,468 | INFO | Val  -> Loss: 0.8874 | Acc: 0.7242 | Pre: 0.5461 | Rec: 0.4479 | F1: 0.4360
2026-04-27 09:08:20,468 | INFO | Test -> Loss: 0.8313 | Acc: 0.7748 | Pre: 0.4993 | Rec: 0.3934 | F1: 0.4155
2026-04-27 09:08:20,472 | INFO | 🏆 Saved best model → module3/db_data/checkpoints_rac/DAPT/TOP_K_1/rac_best_epoch6_f10.4360.pt
2026-04-27 09:08:34,329 | INFO | --- Epoch 7 Report ---
2026-04-27 09:08:34,330 | INFO | Train Loss: 0.6157
2026-04-27 09:08:34,330 | INFO | Val  -> Loss: 0.8779 | Acc: 0.7276 | Pre: 0.5216 | Rec: 0.4917 | F1: 0.4757
2026-04-27 09:08:34,330 | INFO | Test -> Loss: 0.8325 | Acc: 0.7719 | Pre: 0.4875 | Rec: 0.4090 | F1: 0.4318
2026-04-27 09:08:34,333 | INFO | 🏆 Saved best model → module3/db_data/checkpoints_rac/DAPT/TOP_K_1/rac_best_epoch7_f10.4757.pt
2026-04-27 09:08:48,803 | INFO | --- Epoch 8 Report ---
2026-04-27 09:08:48,803 | INFO | Train Loss: 0.5995
2026-04-27 09:08:48,803 | INFO | Val  -> Loss: 0.9551 | Acc: 0.7247 | Pre: 0.5428 | Rec: 0.4661 | F1: 0.4515
2026-04-27 09:08:48,803 | INFO | Test -> Loss: 0.8273 | Acc: 0.7816 | Pre: 0.5444 | Rec: 0.4271 | F1: 0.4440
2026-04-27 09:09:02,879 | INFO | --- Epoch 9 Report ---
2026-04-27 09:09:02,879 | INFO | Train Loss: 0.5867
2026-04-27 09:09:02,879 | INFO | Val  -> Loss: 0.8538 | Acc: 0.7399 | Pre: 0.5784 | Rec: 0.5145 | F1: 0.5134
2026-04-27 09:09:02,879 | INFO | Test -> Loss: 0.8099 | Acc: 0.7762 | Pre: 0.4988 | Rec: 0.4210 | F1: 0.4449
2026-04-27 09:09:02,882 | INFO | 🏆 Saved best model → module3/db_data/checkpoints_rac/DAPT/TOP_K_1/rac_best_epoch9_f10.5134.pt
2026-04-27 09:09:16,427 | INFO | --- Epoch 10 Report ---
2026-04-27 09:09:16,428 | INFO | Train Loss: 0.5762
2026-04-27 09:09:16,428 | INFO | Val  -> Loss: 0.8994 | Acc: 0.7253 | Pre: 0.5297 | Rec: 0.4755 | F1: 0.4806
2026-04-27 09:09:16,428 | INFO | Test -> Loss: 0.8301 | Acc: 0.7134 | Pre: 0.4766 | Rec: 0.4081 | F1: 0.4054
2026-04-27 09:09:31,113 | INFO | --- Epoch 11 Report ---
2026-04-27 09:09:31,113 | INFO | Train Loss: 0.5667
2026-04-27 09:09:31,113 | INFO | Val  -> Loss: 0.8607 | Acc: 0.7252 | Pre: 0.5135 | Rec: 0.4703 | F1: 0.4647
2026-04-27 09:09:31,113 | INFO | Test -> Loss: 0.7944 | Acc: 0.7843 | Pre: 0.5209 | Rec: 0.4199 | F1: 0.4472
2026-04-27 09:09:44,825 | INFO | --- Epoch 12 Report ---
2026-04-27 09:09:44,825 | INFO | Train Loss: 0.5588
2026-04-27 09:09:44,825 | INFO | Val  -> Loss: 0.9148 | Acc: 0.7279 | Pre: 0.5368 | Rec: 0.4636 | F1: 0.4658
2026-04-27 09:09:44,825 | INFO | Test -> Loss: 0.8047 | Acc: 0.7823 | Pre: 0.5358 | Rec: 0.4091 | F1: 0.4417
2026-04-27 09:09:58,299 | INFO | --- Epoch 13 Report ---
2026-04-27 09:09:58,299 | INFO | Train Loss: 0.5546
2026-04-27 09:09:58,299 | INFO | Val  -> Loss: 0.8898 | Acc: 0.7296 | Pre: 0.5426 | Rec: 0.4789 | F1: 0.4814
2026-04-27 09:09:58,299 | INFO | Test -> Loss: 0.8428 | Acc: 0.7103 | Pre: 0.4597 | Rec: 0.3941 | F1: 0.4079
2026-04-27 09:10:11,827 | INFO | --- Epoch 14 Report ---
2026-04-27 09:10:11,827 | INFO | Train Loss: 0.5485
2026-04-27 09:10:11,827 | INFO | Val  -> Loss: 0.9042 | Acc: 0.7313 | Pre: 0.5384 | Rec: 0.4682 | F1: 0.4696
2026-04-27 09:10:11,827 | INFO | Test -> Loss: 0.7613 | Acc: 0.7930 | Pre: 0.5911 | Rec: 0.4414 | F1: 0.4776
2026-04-27 09:10:25,305 | INFO | --- Epoch 15 Report ---
2026-04-27 09:10:25,305 | INFO | Train Loss: 0.5432
2026-04-27 09:10:25,305 | INFO | Val  -> Loss: 0.8928 | Acc: 0.7235 | Pre: 0.5217 | Rec: 0.4775 | F1: 0.4719
2026-04-27 09:10:25,305 | INFO | Test -> Loss: 0.7724 | Acc: 0.7722 | Pre: 0.5449 | Rec: 0.4303 | F1: 0.4681
2026-04-27 09:10:39,328 | INFO | --- Epoch 16 Report ---
2026-04-27 09:10:39,328 | INFO | Train Loss: 0.5372
2026-04-27 09:10:39,328 | INFO | Val  -> Loss: 0.9050 | Acc: 0.7374 | Pre: 0.5578 | Rec: 0.4910 | F1: 0.4902
2026-04-27 09:10:39,328 | INFO | Test -> Loss: 0.7920 | Acc: 0.7366 | Pre: 0.4711 | Rec: 0.4136 | F1: 0.4319
2026-04-27 09:10:52,972 | INFO | --- Epoch 17 Report ---
2026-04-27 09:10:52,972 | INFO | Train Loss: 0.5334
2026-04-27 09:10:52,972 | INFO | Val  -> Loss: 0.8897 | Acc: 0.7265 | Pre: 0.5272 | Rec: 0.4791 | F1: 0.4788
2026-04-27 09:10:52,973 | INFO | Test -> Loss: 0.8406 | Acc: 0.7105 | Pre: 0.4664 | Rec: 0.4008 | F1: 0.4158
2026-04-27 09:11:06,458 | INFO | --- Epoch 18 Report ---
2026-04-27 09:11:06,458 | INFO | Train Loss: 0.5309
2026-04-27 09:11:06,458 | INFO | Val  -> Loss: 0.9076 | Acc: 0.7317 | Pre: 0.5336 | Rec: 0.4728 | F1: 0.4703
2026-04-27 09:11:06,458 | INFO | Test -> Loss: 0.7823 | Acc: 0.7783 | Pre: 0.5460 | Rec: 0.4189 | F1: 0.4572
2026-04-27 09:11:20,405 | INFO | --- Epoch 19 Report ---
2026-04-27 09:11:20,405 | INFO | Train Loss: 0.5251
2026-04-27 09:11:20,405 | INFO | Val  -> Loss: 0.8910 | Acc: 0.7202 | Pre: 0.5063 | Rec: 0.4696 | F1: 0.4620
2026-04-27 09:11:20,405 | INFO | Test -> Loss: 0.8011 | Acc: 0.7658 | Pre: 0.4802 | Rec: 0.4121 | F1: 0.4341
2026-04-27 09:11:34,823 | INFO | --- Epoch 20 Report ---
2026-04-27 09:11:34,823 | INFO | Train Loss: 0.5239
2026-04-27 09:11:34,823 | INFO | Val  -> Loss: 0.8704 | Acc: 0.7241 | Pre: 0.5020 | Rec: 0.4814 | F1: 0.4681
2026-04-27 09:11:34,823 | INFO | Test -> Loss: 0.8099 | Acc: 0.7643 | Pre: 0.5170 | Rec: 0.4418 | F1: 0.4641
2026-04-27 09:11:48,209 | INFO | --- Epoch 21 Report ---
2026-04-27 09:11:48,210 | INFO | Train Loss: 0.5206
2026-04-27 09:11:48,210 | INFO | Val  -> Loss: 0.9278 | Acc: 0.7258 | Pre: 0.5188 | Rec: 0.4745 | F1: 0.4702
2026-04-27 09:11:48,210 | INFO | Test -> Loss: 0.8189 | Acc: 0.7778 | Pre: 0.5524 | Rec: 0.4207 | F1: 0.4612
2026-04-27 09:12:01,698 | INFO | --- Epoch 22 Report ---
2026-04-27 09:12:01,698 | INFO | Train Loss: 0.5158
2026-04-27 09:12:01,698 | INFO | Val  -> Loss: 0.9509 | Acc: 0.7224 | Pre: 0.5228 | Rec: 0.4356 | F1: 0.4522
2026-04-27 09:12:01,698 | INFO | Test -> Loss: 0.8177 | Acc: 0.7742 | Pre: 0.5241 | Rec: 0.4140 | F1: 0.4431
2026-04-27 09:12:15,207 | INFO | --- Epoch 23 Report ---
2026-04-27 09:12:15,207 | INFO | Train Loss: 0.5133
2026-04-27 09:12:15,207 | INFO | Val  -> Loss: 0.8732 | Acc: 0.7405 | Pre: 0.5529 | Rec: 0.5044 | F1: 0.5099
2026-04-27 09:12:15,207 | INFO | Test -> Loss: 0.8529 | Acc: 0.7065 | Pre: 0.4599 | Rec: 0.3915 | F1: 0.4104
2026-04-27 09:12:28,730 | INFO | --- Epoch 24 Report ---
2026-04-27 09:12:28,730 | INFO | Train Loss: 0.5120
2026-04-27 09:12:28,730 | INFO | Val  -> Loss: 0.9051 | Acc: 0.7357 | Pre: 0.5517 | Rec: 0.4825 | F1: 0.4815
2026-04-27 09:12:28,730 | INFO | Test -> Loss: 0.8782 | Acc: 0.7168 | Pre: 0.4682 | Rec: 0.3979 | F1: 0.4173
2026-04-27 09:12:42,270 | INFO | --- Epoch 25 Report ---
2026-04-27 09:12:42,270 | INFO | Train Loss: 0.5098
2026-04-27 09:12:42,270 | INFO | Val  -> Loss: 0.9290 | Acc: 0.7247 | Pre: 0.4690 | Rec: 0.4639 | F1: 0.4373
2026-04-27 09:12:42,270 | INFO | Test -> Loss: 0.8405 | Acc: 0.7133 | Pre: 0.4790 | Rec: 0.3910 | F1: 0.4187
2026-04-27 09:12:55,803 | INFO | --- Epoch 26 Report ---
2026-04-27 09:12:55,803 | INFO | Train Loss: 0.5059
2026-04-27 09:12:55,803 | INFO | Val  -> Loss: 0.9652 | Acc: 0.7238 | Pre: 0.4885 | Rec: 0.4547 | F1: 0.4457
2026-04-27 09:12:55,803 | INFO | Test -> Loss: 0.8150 | Acc: 0.7802 | Pre: 0.5632 | Rec: 0.4297 | F1: 0.4679
2026-04-27 09:13:09,311 | INFO | --- Epoch 27 Report ---
2026-04-27 09:13:09,311 | INFO | Train Loss: 0.5044
2026-04-27 09:13:09,311 | INFO | Val  -> Loss: 0.9430 | Acc: 0.7304 | Pre: 0.5381 | Rec: 0.4812 | F1: 0.4825
2026-04-27 09:13:09,311 | INFO | Test -> Loss: 0.8412 | Acc: 0.7237 | Pre: 0.4886 | Rec: 0.4086 | F1: 0.4318
2026-04-27 09:13:22,882 | INFO | --- Epoch 28 Report ---
2026-04-27 09:13:22,882 | INFO | Train Loss: 0.5023
2026-04-27 09:13:22,882 | INFO | Val  -> Loss: 0.9526 | Acc: 0.7230 | Pre: 0.4927 | Rec: 0.4780 | F1: 0.4661
2026-04-27 09:13:22,882 | INFO | Test -> Loss: 0.9244 | Acc: 0.6539 | Pre: 0.4393 | Rec: 0.4081 | F1: 0.4088
2026-04-27 09:13:36,463 | INFO | --- Epoch 29 Report ---
2026-04-27 09:13:36,463 | INFO | Train Loss: 0.5004
2026-04-27 09:13:36,463 | INFO | Val  -> Loss: 0.9098 | Acc: 0.7265 | Pre: 0.4961 | Rec: 0.4722 | F1: 0.4602
2026-04-27 09:13:36,463 | INFO | Test -> Loss: 0.8251 | Acc: 0.7221 | Pre: 0.4846 | Rec: 0.4152 | F1: 0.4327
2026-04-27 09:13:49,993 | INFO | --- Epoch 30 Report ---
2026-04-27 09:13:49,993 | INFO | Train Loss: 0.4982
2026-04-27 09:13:49,993 | INFO | Val  -> Loss: 0.9181 | Acc: 0.7348 | Pre: 0.5451 | Rec: 0.4991 | F1: 0.4992
2026-04-27 09:13:49,993 | INFO | Test -> Loss: 0.8378 | Acc: 0.7140 | Pre: 0.4792 | Rec: 0.4099 | F1: 0.4312
2026-04-27 09:14:03,721 | INFO | --- Epoch 31 Report ---
2026-04-27 09:14:03,721 | INFO | Train Loss: 0.4973
2026-04-27 09:14:03,721 | INFO | Val  -> Loss: 0.9334 | Acc: 0.7255 | Pre: 0.5106 | Rec: 0.4753 | F1: 0.4719
2026-04-27 09:14:03,721 | INFO | Test -> Loss: 0.8299 | Acc: 0.7221 | Pre: 0.4873 | Rec: 0.4084 | F1: 0.4304
2026-04-27 09:14:18,269 | INFO | --- Epoch 32 Report ---
2026-04-27 09:14:18,269 | INFO | Train Loss: 0.4951
2026-04-27 09:14:18,269 | INFO | Val  -> Loss: 0.9239 | Acc: 0.7313 | Pre: 0.5021 | Rec: 0.4796 | F1: 0.4664
2026-04-27 09:14:18,269 | INFO | Test -> Loss: 0.8060 | Acc: 0.7812 | Pre: 0.5672 | Rec: 0.4236 | F1: 0.4664
2026-04-27 09:14:32,440 | INFO | --- Epoch 33 Report ---
2026-04-27 09:14:32,440 | INFO | Train Loss: 0.4933
2026-04-27 09:14:32,440 | INFO | Val  -> Loss: 0.9513 | Acc: 0.7285 | Pre: 0.5149 | Rec: 0.4741 | F1: 0.4664
2026-04-27 09:14:32,440 | INFO | Test -> Loss: 0.8652 | Acc: 0.7229 | Pre: 0.4867 | Rec: 0.4206 | F1: 0.4413
2026-04-27 09:14:47,201 | INFO | --- Epoch 34 Report ---
2026-04-27 09:14:47,202 | INFO | Train Loss: 0.4926
2026-04-27 09:14:47,202 | INFO | Val  -> Loss: 0.9347 | Acc: 0.7334 | Pre: 0.5292 | Rec: 0.4940 | F1: 0.4871
2026-04-27 09:14:47,202 | INFO | Test -> Loss: 0.8553 | Acc: 0.7187 | Pre: 0.4752 | Rec: 0.4087 | F1: 0.4285
2026-04-27 09:15:00,739 | INFO | --- Epoch 35 Report ---
2026-04-27 09:15:00,739 | INFO | Train Loss: 0.4909
2026-04-27 09:15:00,739 | INFO | Val  -> Loss: 0.9584 | Acc: 0.7299 | Pre: 0.4947 | Rec: 0.4705 | F1: 0.4601
2026-04-27 09:15:00,739 | INFO | Test -> Loss: 0.8585 | Acc: 0.6805 | Pre: 0.4536 | Rec: 0.3957 | F1: 0.4149
2026-04-27 09:15:14,249 | INFO | --- Epoch 36 Report ---
2026-04-27 09:15:14,249 | INFO | Train Loss: 0.4900
2026-04-27 09:15:14,249 | INFO | Val  -> Loss: 0.9712 | Acc: 0.7299 | Pre: 0.5134 | Rec: 0.4716 | F1: 0.4651
2026-04-27 09:15:14,249 | INFO | Test -> Loss: 0.8521 | Acc: 0.6640 | Pre: 0.4311 | Rec: 0.3814 | F1: 0.3978
2026-04-27 09:15:27,792 | INFO | --- Epoch 37 Report ---
2026-04-27 09:15:27,792 | INFO | Train Loss: 0.4896
2026-04-27 09:15:27,792 | INFO | Val  -> Loss: 0.9403 | Acc: 0.7362 | Pre: 0.5395 | Rec: 0.4829 | F1: 0.4821
2026-04-27 09:15:27,792 | INFO | Test -> Loss: 0.8685 | Acc: 0.6605 | Pre: 0.4369 | Rec: 0.3890 | F1: 0.4023
2026-04-27 09:15:41,333 | INFO | --- Epoch 38 Report ---
2026-04-27 09:15:41,333 | INFO | Train Loss: 0.4875
2026-04-27 09:15:41,333 | INFO | Val  -> Loss: 0.9374 | Acc: 0.7356 | Pre: 0.5333 | Rec: 0.4827 | F1: 0.4804
2026-04-27 09:15:41,333 | INFO | Test -> Loss: 0.8741 | Acc: 0.6571 | Pre: 0.4535 | Rec: 0.4153 | F1: 0.4260
2026-04-27 09:15:54,894 | INFO | --- Epoch 39 Report ---
2026-04-27 09:15:54,894 | INFO | Train Loss: 0.4864
2026-04-27 09:15:54,894 | INFO | Val  -> Loss: 0.9334 | Acc: 0.7405 | Pre: 0.5573 | Rec: 0.4895 | F1: 0.4956
2026-04-27 09:15:54,894 | INFO | Test -> Loss: 0.8781 | Acc: 0.6667 | Pre: 0.4512 | Rec: 0.4143 | F1: 0.4215
2026-04-27 09:16:08,378 | INFO | --- Epoch 40 Report ---
2026-04-27 09:16:08,378 | INFO | Train Loss: 0.4867
2026-04-27 09:16:08,378 | INFO | Val  -> Loss: 0.9444 | Acc: 0.7362 | Pre: 0.5246 | Rec: 0.4897 | F1: 0.4810
2026-04-27 09:16:08,378 | INFO | Test -> Loss: 0.8726 | Acc: 0.6552 | Pre: 0.4392 | Rec: 0.4089 | F1: 0.4185
2026-04-27 09:16:21,859 | INFO | --- Epoch 41 Report ---
2026-04-27 09:16:21,859 | INFO | Train Loss: 0.4857
2026-04-27 09:16:21,859 | INFO | Val  -> Loss: 0.9401 | Acc: 0.7390 | Pre: 0.5354 | Rec: 0.4904 | F1: 0.4844
2026-04-27 09:16:21,859 | INFO | Test -> Loss: 0.8501 | Acc: 0.6585 | Pre: 0.4229 | Rec: 0.3863 | F1: 0.3975
2026-04-27 09:16:35,362 | INFO | --- Epoch 42 Report ---
2026-04-27 09:16:35,362 | INFO | Train Loss: 0.4846
2026-04-27 09:16:35,362 | INFO | Val  -> Loss: 0.9423 | Acc: 0.7339 | Pre: 0.5310 | Rec: 0.4828 | F1: 0.4808
2026-04-27 09:16:35,362 | INFO | Test -> Loss: 0.8662 | Acc: 0.6600 | Pre: 0.4345 | Rec: 0.3908 | F1: 0.4028
2026-04-27 09:16:48,911 | INFO | --- Epoch 43 Report ---
2026-04-27 09:16:48,911 | INFO | Train Loss: 0.4830
2026-04-27 09:16:48,911 | INFO | Val  -> Loss: 0.9409 | Acc: 0.7319 | Pre: 0.5030 | Rec: 0.4763 | F1: 0.4657
2026-04-27 09:16:48,911 | INFO | Test -> Loss: 0.8454 | Acc: 0.6683 | Pre: 0.4379 | Rec: 0.3871 | F1: 0.4034
2026-04-27 09:17:03,418 | INFO | --- Epoch 44 Report ---
2026-04-27 09:17:03,418 | INFO | Train Loss: 0.4846
2026-04-27 09:17:03,418 | INFO | Val  -> Loss: 0.9462 | Acc: 0.7370 | Pre: 0.5261 | Rec: 0.4854 | F1: 0.4794
2026-04-27 09:17:03,418 | INFO | Test -> Loss: 0.8526 | Acc: 0.6647 | Pre: 0.4447 | Rec: 0.3964 | F1: 0.4104
2026-04-27 09:17:17,535 | INFO | --- Epoch 45 Report ---
2026-04-27 09:17:17,535 | INFO | Train Loss: 0.4833
2026-04-27 09:17:17,535 | INFO | Val  -> Loss: 0.9419 | Acc: 0.7382 | Pre: 0.5408 | Rec: 0.4896 | F1: 0.4872
2026-04-27 09:17:17,535 | INFO | Test -> Loss: 0.8547 | Acc: 0.6598 | Pre: 0.4360 | Rec: 0.3877 | F1: 0.4013
2026-04-27 09:17:31,095 | INFO | --- Epoch 46 Report ---
2026-04-27 09:17:31,095 | INFO | Train Loss: 0.4821
2026-04-27 09:17:31,095 | INFO | Val  -> Loss: 0.9445 | Acc: 0.7370 | Pre: 0.5283 | Rec: 0.4878 | F1: 0.4812
2026-04-27 09:17:31,095 | INFO | Test -> Loss: 0.8673 | Acc: 0.6609 | Pre: 0.4552 | Rec: 0.4124 | F1: 0.4262
2026-04-27 09:17:44,627 | INFO | --- Epoch 47 Report ---
2026-04-27 09:17:44,628 | INFO | Train Loss: 0.4815
2026-04-27 09:17:44,628 | INFO | Val  -> Loss: 0.9458 | Acc: 0.7360 | Pre: 0.5266 | Rec: 0.4856 | F1: 0.4792
2026-04-27 09:17:44,628 | INFO | Test -> Loss: 0.8602 | Acc: 0.6632 | Pre: 0.4578 | Rec: 0.4133 | F1: 0.4285
2026-04-27 09:17:58,392 | INFO | --- Epoch 48 Report ---
2026-04-27 09:17:58,392 | INFO | Train Loss: 0.4831
2026-04-27 09:17:58,392 | INFO | Val  -> Loss: 0.9458 | Acc: 0.7311 | Pre: 0.5026 | Rec: 0.4776 | F1: 0.4664
2026-04-27 09:17:58,392 | INFO | Test -> Loss: 0.8594 | Acc: 0.6615 | Pre: 0.4587 | Rec: 0.4127 | F1: 0.4283
2026-04-27 09:18:12,773 | INFO | --- Epoch 49 Report ---
2026-04-27 09:18:12,773 | INFO | Train Loss: 0.4824
2026-04-27 09:18:12,773 | INFO | Val  -> Loss: 0.9441 | Acc: 0.7362 | Pre: 0.5273 | Rec: 0.4862 | F1: 0.4797
2026-04-27 09:18:12,773 | INFO | Test -> Loss: 0.8603 | Acc: 0.6609 | Pre: 0.4582 | Rec: 0.4124 | F1: 0.4279
2026-04-27 09:18:26,754 | INFO | --- Epoch 50 Report ---
2026-04-27 09:18:26,754 | INFO | Train Loss: 0.4826
2026-04-27 09:18:26,754 | INFO | Val  -> Loss: 0.9441 | Acc: 0.7356 | Pre: 0.5259 | Rec: 0.4850 | F1: 0.4785
2026-04-27 09:18:26,754 | INFO | Test -> Loss: 0.8598 | Acc: 0.6609 | Pre: 0.4579 | Rec: 0.4120 | F1: 0.4275
2026-04-27 09:18:27,474 | INFO | Total training time: 0.59 hours
