2026-04-27 12:23:01,011 | INFO | Device: cuda
2026-04-27 12:23:01,021 | INFO | Using TOP_K (max_neighbors): 5
2026-04-27 12:23:01,021 | INFO | Loading dataset into RAM: module3/db_data/rac_train_pairs.jsonl
2026-04-27 12:23:01,021 | INFO | Total file size: 57.62 GB
2026-04-27 13:17:12,728 | INFO | Successfully cached 78222 samples.
2026-04-27 13:17:12,747 | INFO | Loading dataset into RAM: module3/db_data/rac_val_pairs.jsonl
2026-04-27 13:17:12,747 | INFO | Total file size: 7.14 GB
2026-04-27 13:23:00,136 | INFO | Successfully cached 6520 samples.
2026-04-27 13:23:00,136 | INFO | Loading dataset into RAM: module3/db_data/rac_test_pairs.jsonl
2026-04-27 13:23:00,136 | INFO | Total file size: 6.65 GB
2026-04-27 13:28:54,229 | INFO | Successfully cached 7042 samples.
2026-04-27 13:28:54,244 | INFO | Loading pretrained encoder: module2/TAGCN/checkpoints_pretrain/DAPT/reconstruct_best.pt
2026-04-27 13:29:15,998 | INFO | --- Epoch 1 Report ---
2026-04-27 13:29:15,998 | INFO | Train Loss: 1.0130
2026-04-27 13:29:15,998 | INFO | Val  -> Loss: 0.8774 | Acc: 0.7179 | Pre: 0.5331 | Rec: 0.4106 | F1: 0.3905
2026-04-27 13:29:15,998 | INFO | Test -> Loss: 0.8239 | Acc: 0.7464 | Pre: 0.3211 | Rec: 0.3181 | F1: 0.3026
2026-04-27 13:29:16,002 | INFO | 🏆 Saved best model → module3/db_data/checkpoints_rac/DAPT/TOP_K_5/rac_best_epoch1_f10.3905.pt
2026-04-27 13:29:40,052 | INFO | --- Epoch 2 Report ---
2026-04-27 13:29:40,052 | INFO | Train Loss: 0.7778
2026-04-27 13:29:40,052 | INFO | Val  -> Loss: 0.8951 | Acc: 0.6893 | Pre: 0.4366 | Rec: 0.4180 | F1: 0.3984
2026-04-27 13:29:40,052 | INFO | Test -> Loss: 0.8387 | Acc: 0.7363 | Pre: 0.4093 | Rec: 0.3963 | F1: 0.3801
2026-04-27 13:29:40,056 | INFO | 🏆 Saved best model → module3/db_data/checkpoints_rac/DAPT/TOP_K_5/rac_best_epoch2_f10.3984.pt
2026-04-27 13:30:04,301 | INFO | --- Epoch 3 Report ---
2026-04-27 13:30:04,301 | INFO | Train Loss: 0.6981
2026-04-27 13:30:04,301 | INFO | Val  -> Loss: 0.9642 | Acc: 0.7006 | Pre: 0.4739 | Rec: 0.4070 | F1: 0.3780
2026-04-27 13:30:04,301 | INFO | Test -> Loss: 0.8273 | Acc: 0.7492 | Pre: 0.4694 | Rec: 0.3779 | F1: 0.3758
2026-04-27 13:30:28,843 | INFO | --- Epoch 4 Report ---
2026-04-27 13:30:28,843 | INFO | Train Loss: 0.6454
2026-04-27 13:30:28,843 | INFO | Val  -> Loss: 0.9366 | Acc: 0.7140 | Pre: 0.5132 | Rec: 0.4896 | F1: 0.4494
2026-04-27 13:30:28,843 | INFO | Test -> Loss: 0.8224 | Acc: 0.7556 | Pre: 0.4339 | Rec: 0.3810 | F1: 0.3877
2026-04-27 13:30:28,847 | INFO | 🏆 Saved best model → module3/db_data/checkpoints_rac/DAPT/TOP_K_5/rac_best_epoch4_f10.4494.pt
2026-04-27 13:30:53,660 | INFO | --- Epoch 5 Report ---
2026-04-27 13:30:53,660 | INFO | Train Loss: 0.6165
2026-04-27 13:30:53,660 | INFO | Val  -> Loss: 0.9148 | Acc: 0.7163 | Pre: 0.4817 | Rec: 0.4716 | F1: 0.4421
2026-04-27 13:30:53,660 | INFO | Test -> Loss: 0.7947 | Acc: 0.7604 | Pre: 0.4543 | Rec: 0.3947 | F1: 0.4139
2026-04-27 13:31:18,539 | INFO | --- Epoch 6 Report ---
2026-04-27 13:31:18,539 | INFO | Train Loss: 0.5917
2026-04-27 13:31:18,539 | INFO | Val  -> Loss: 0.9114 | Acc: 0.7189 | Pre: 0.5248 | Rec: 0.4729 | F1: 0.4670
2026-04-27 13:31:18,539 | INFO | Test -> Loss: 0.8115 | Acc: 0.7661 | Pre: 0.4753 | Rec: 0.4187 | F1: 0.4299
2026-04-27 13:31:18,543 | INFO | 🏆 Saved best model → module3/db_data/checkpoints_rac/DAPT/TOP_K_5/rac_best_epoch6_f10.4670.pt
2026-04-27 13:31:43,372 | INFO | --- Epoch 7 Report ---
2026-04-27 13:31:43,372 | INFO | Train Loss: 0.5748
2026-04-27 13:31:43,372 | INFO | Val  -> Loss: 0.9156 | Acc: 0.7132 | Pre: 0.4771 | Rec: 0.4021 | F1: 0.4247
2026-04-27 13:31:43,372 | INFO | Test -> Loss: 0.8204 | Acc: 0.7667 | Pre: 0.4785 | Rec: 0.3975 | F1: 0.4190
2026-04-27 13:32:07,515 | INFO | --- Epoch 8 Report ---
2026-04-27 13:32:07,515 | INFO | Train Loss: 0.5593
2026-04-27 13:32:07,515 | INFO | Val  -> Loss: 0.9323 | Acc: 0.7221 | Pre: 0.4982 | Rec: 0.4850 | F1: 0.4431
2026-04-27 13:32:07,515 | INFO | Test -> Loss: 0.7596 | Acc: 0.7861 | Pre: 0.5392 | Rec: 0.4525 | F1: 0.4730
2026-04-27 13:32:31,327 | INFO | --- Epoch 9 Report ---
2026-04-27 13:32:31,327 | INFO | Train Loss: 0.5480
2026-04-27 13:32:31,327 | INFO | Val  -> Loss: 0.9225 | Acc: 0.7370 | Pre: 0.5754 | Rec: 0.4593 | F1: 0.4698
2026-04-27 13:32:31,327 | INFO | Test -> Loss: 0.7610 | Acc: 0.7894 | Pre: 0.5508 | Rec: 0.4099 | F1: 0.4460
2026-04-27 13:32:31,331 | INFO | 🏆 Saved best model → module3/db_data/checkpoints_rac/DAPT/TOP_K_5/rac_best_epoch9_f10.4698.pt
2026-04-27 13:32:55,152 | INFO | --- Epoch 10 Report ---
2026-04-27 13:32:55,152 | INFO | Train Loss: 0.5403
2026-04-27 13:32:55,152 | INFO | Val  -> Loss: 0.9205 | Acc: 0.7302 | Pre: 0.5723 | Rec: 0.4737 | F1: 0.4858
2026-04-27 13:32:55,152 | INFO | Test -> Loss: 0.7387 | Acc: 0.7925 | Pre: 0.5763 | Rec: 0.4285 | F1: 0.4722
2026-04-27 13:32:55,155 | INFO | 🏆 Saved best model → module3/db_data/checkpoints_rac/DAPT/TOP_K_5/rac_best_epoch10_f10.4858.pt
2026-04-27 13:33:20,033 | INFO | --- Epoch 11 Report ---
2026-04-27 13:33:20,033 | INFO | Train Loss: 0.5333
2026-04-27 13:33:20,034 | INFO | Val  -> Loss: 0.8981 | Acc: 0.7452 | Pre: 0.5825 | Rec: 0.5038 | F1: 0.4993
2026-04-27 13:33:20,034 | INFO | Test -> Loss: 0.7459 | Acc: 0.7920 | Pre: 0.5869 | Rec: 0.4569 | F1: 0.4948
2026-04-27 13:33:20,037 | INFO | 🏆 Saved best model → module3/db_data/checkpoints_rac/DAPT/TOP_K_5/rac_best_epoch11_f10.4993.pt
2026-04-27 13:33:44,618 | INFO | --- Epoch 12 Report ---
2026-04-27 13:33:44,618 | INFO | Train Loss: 0.5260
2026-04-27 13:33:44,618 | INFO | Val  -> Loss: 0.8952 | Acc: 0.7333 | Pre: 0.5571 | Rec: 0.4829 | F1: 0.4948
2026-04-27 13:33:44,618 | INFO | Test -> Loss: 0.7329 | Acc: 0.7908 | Pre: 0.5859 | Rec: 0.4472 | F1: 0.4867
2026-04-27 13:34:08,342 | INFO | --- Epoch 13 Report ---
2026-04-27 13:34:08,342 | INFO | Train Loss: 0.5207
2026-04-27 13:34:08,342 | INFO | Val  -> Loss: 0.9227 | Acc: 0.7405 | Pre: 0.5623 | Rec: 0.4790 | F1: 0.4817
2026-04-27 13:34:08,342 | INFO | Test -> Loss: 0.7385 | Acc: 0.7949 | Pre: 0.6033 | Rec: 0.4538 | F1: 0.4979
2026-04-27 13:34:32,386 | INFO | --- Epoch 14 Report ---
2026-04-27 13:34:32,386 | INFO | Train Loss: 0.5157
2026-04-27 13:34:32,386 | INFO | Val  -> Loss: 0.8865 | Acc: 0.7380 | Pre: 0.5551 | Rec: 0.5148 | F1: 0.5189
2026-04-27 13:34:32,386 | INFO | Test -> Loss: 0.7537 | Acc: 0.7893 | Pre: 0.5588 | Rec: 0.4917 | F1: 0.5186
2026-04-27 13:34:32,390 | INFO | 🏆 Saved best model → module3/db_data/checkpoints_rac/DAPT/TOP_K_5/rac_best_epoch14_f10.5189.pt
2026-04-27 13:34:57,083 | INFO | --- Epoch 15 Report ---
2026-04-27 13:34:57,084 | INFO | Train Loss: 0.5105
2026-04-27 13:34:57,084 | INFO | Val  -> Loss: 0.8919 | Acc: 0.7540 | Pre: 0.6094 | Rec: 0.4994 | F1: 0.5249
2026-04-27 13:34:57,084 | INFO | Test -> Loss: 0.7589 | Acc: 0.7944 | Pre: 0.5921 | Rec: 0.4564 | F1: 0.4951
2026-04-27 13:34:57,087 | INFO | 🏆 Saved best model → module3/db_data/checkpoints_rac/DAPT/TOP_K_5/rac_best_epoch15_f10.5249.pt
2026-04-27 13:35:21,227 | INFO | --- Epoch 16 Report ---
2026-04-27 13:35:21,228 | INFO | Train Loss: 0.5073
2026-04-27 13:35:21,228 | INFO | Val  -> Loss: 0.9854 | Acc: 0.7278 | Pre: 0.5105 | Rec: 0.4544 | F1: 0.4564
2026-04-27 13:35:21,228 | INFO | Test -> Loss: 0.7375 | Acc: 0.7927 | Pre: 0.6172 | Rec: 0.4662 | F1: 0.5108
2026-04-27 13:35:46,104 | INFO | --- Epoch 17 Report ---
2026-04-27 13:35:46,104 | INFO | Train Loss: 0.5032
2026-04-27 13:35:46,104 | INFO | Val  -> Loss: 0.9387 | Acc: 0.7321 | Pre: 0.5473 | Rec: 0.4700 | F1: 0.4804
2026-04-27 13:35:46,104 | INFO | Test -> Loss: 0.7347 | Acc: 0.7945 | Pre: 0.5996 | Rec: 0.4456 | F1: 0.4908
2026-04-27 13:36:10,971 | INFO | --- Epoch 18 Report ---
2026-04-27 13:36:10,971 | INFO | Train Loss: 0.4988
2026-04-27 13:36:10,971 | INFO | Val  -> Loss: 0.9507 | Acc: 0.7288 | Pre: 0.4803 | Rec: 0.3924 | F1: 0.4117
2026-04-27 13:36:10,971 | INFO | Test -> Loss: 0.7254 | Acc: 0.7964 | Pre: 0.6320 | Rec: 0.4639 | F1: 0.5095
2026-04-27 13:36:34,903 | INFO | --- Epoch 19 Report ---
2026-04-27 13:36:34,903 | INFO | Train Loss: 0.4948
2026-04-27 13:36:34,903 | INFO | Val  -> Loss: 0.9286 | Acc: 0.7436 | Pre: 0.5429 | Rec: 0.4876 | F1: 0.4838
2026-04-27 13:36:34,903 | INFO | Test -> Loss: 0.7372 | Acc: 0.7944 | Pre: 0.5907 | Rec: 0.4849 | F1: 0.5158
2026-04-27 13:36:58,669 | INFO | --- Epoch 20 Report ---
2026-04-27 13:36:58,669 | INFO | Train Loss: 0.4908
2026-04-27 13:36:58,669 | INFO | Val  -> Loss: 0.9792 | Acc: 0.7319 | Pre: 0.5206 | Rec: 0.4541 | F1: 0.4463
2026-04-27 13:36:58,669 | INFO | Test -> Loss: 0.7285 | Acc: 0.8023 | Pre: 0.6232 | Rec: 0.4687 | F1: 0.5077
2026-04-27 13:37:22,431 | INFO | --- Epoch 21 Report ---
2026-04-27 13:37:22,431 | INFO | Train Loss: 0.4899
2026-04-27 13:37:22,432 | INFO | Val  -> Loss: 0.9719 | Acc: 0.7434 | Pre: 0.5718 | Rec: 0.4870 | F1: 0.4950
2026-04-27 13:37:22,432 | INFO | Test -> Loss: 0.7202 | Acc: 0.7954 | Pre: 0.6038 | Rec: 0.4585 | F1: 0.5038
2026-04-27 13:37:46,535 | INFO | --- Epoch 22 Report ---
2026-04-27 13:37:46,535 | INFO | Train Loss: 0.4874
2026-04-27 13:37:46,535 | INFO | Val  -> Loss: 0.9270 | Acc: 0.7426 | Pre: 0.5834 | Rec: 0.4812 | F1: 0.4974
2026-04-27 13:37:46,535 | INFO | Test -> Loss: 0.7212 | Acc: 0.7971 | Pre: 0.6178 | Rec: 0.4699 | F1: 0.5164
2026-04-27 13:38:11,084 | INFO | --- Epoch 23 Report ---
2026-04-27 13:38:11,085 | INFO | Train Loss: 0.4833
2026-04-27 13:38:11,085 | INFO | Val  -> Loss: 0.9200 | Acc: 0.7331 | Pre: 0.5335 | Rec: 0.4737 | F1: 0.4773
2026-04-27 13:38:11,085 | INFO | Test -> Loss: 0.7179 | Acc: 0.7948 | Pre: 0.6033 | Rec: 0.4603 | F1: 0.5060
2026-04-27 13:38:34,817 | INFO | --- Epoch 24 Report ---
2026-04-27 13:38:34,818 | INFO | Train Loss: 0.4815
2026-04-27 13:38:34,818 | INFO | Val  -> Loss: 0.9523 | Acc: 0.7317 | Pre: 0.4999 | Rec: 0.4837 | F1: 0.4734
2026-04-27 13:38:34,818 | INFO | Test -> Loss: 0.7333 | Acc: 0.7948 | Pre: 0.5897 | Rec: 0.5015 | F1: 0.5297
2026-04-27 13:38:59,197 | INFO | --- Epoch 25 Report ---
2026-04-27 13:38:59,197 | INFO | Train Loss: 0.4794
2026-04-27 13:38:59,197 | INFO | Val  -> Loss: 0.9258 | Acc: 0.7417 | Pre: 0.5502 | Rec: 0.4785 | F1: 0.4904
2026-04-27 13:38:59,197 | INFO | Test -> Loss: 0.7218 | Acc: 0.8016 | Pre: 0.6370 | Rec: 0.4960 | F1: 0.5363
2026-04-27 13:39:24,071 | INFO | --- Epoch 26 Report ---
2026-04-27 13:39:24,071 | INFO | Train Loss: 0.4771
2026-04-27 13:39:24,071 | INFO | Val  -> Loss: 0.9248 | Acc: 0.7324 | Pre: 0.5322 | Rec: 0.4843 | F1: 0.4786
2026-04-27 13:39:24,071 | INFO | Test -> Loss: 0.7115 | Acc: 0.7928 | Pre: 0.5940 | Rec: 0.4729 | F1: 0.5144
2026-04-27 13:39:47,925 | INFO | --- Epoch 27 Report ---
2026-04-27 13:39:47,925 | INFO | Train Loss: 0.4758
2026-04-27 13:39:47,925 | INFO | Val  -> Loss: 0.9459 | Acc: 0.7298 | Pre: 0.5075 | Rec: 0.4613 | F1: 0.4616
2026-04-27 13:39:47,925 | INFO | Test -> Loss: 0.7154 | Acc: 0.7921 | Pre: 0.5799 | Rec: 0.4397 | F1: 0.4824
2026-04-27 13:40:11,629 | INFO | --- Epoch 28 Report ---
2026-04-27 13:40:11,629 | INFO | Train Loss: 0.4728
2026-04-27 13:40:11,629 | INFO | Val  -> Loss: 0.9397 | Acc: 0.7333 | Pre: 0.5337 | Rec: 0.4702 | F1: 0.4785
2026-04-27 13:40:11,629 | INFO | Test -> Loss: 0.7000 | Acc: 0.7966 | Pre: 0.6324 | Rec: 0.4803 | F1: 0.5254
2026-04-27 13:40:35,416 | INFO | --- Epoch 29 Report ---
2026-04-27 13:40:35,416 | INFO | Train Loss: 0.4713
2026-04-27 13:40:35,416 | INFO | Val  -> Loss: 0.9692 | Acc: 0.7431 | Pre: 0.5628 | Rec: 0.4847 | F1: 0.4894
2026-04-27 13:40:35,416 | INFO | Test -> Loss: 0.7139 | Acc: 0.7969 | Pre: 0.6301 | Rec: 0.4534 | F1: 0.5056
2026-04-27 13:40:59,384 | INFO | --- Epoch 30 Report ---
2026-04-27 13:40:59,384 | INFO | Train Loss: 0.4686
2026-04-27 13:40:59,384 | INFO | Val  -> Loss: 0.9378 | Acc: 0.7406 | Pre: 0.5520 | Rec: 0.4944 | F1: 0.4955
2026-04-27 13:40:59,384 | INFO | Test -> Loss: 0.6980 | Acc: 0.7975 | Pre: 0.5955 | Rec: 0.4562 | F1: 0.5014
2026-04-27 13:41:24,021 | INFO | --- Epoch 31 Report ---
2026-04-27 13:41:24,021 | INFO | Train Loss: 0.4684
2026-04-27 13:41:24,021 | INFO | Val  -> Loss: 0.9653 | Acc: 0.7377 | Pre: 0.5540 | Rec: 0.4706 | F1: 0.4782
2026-04-27 13:41:24,021 | INFO | Test -> Loss: 0.6949 | Acc: 0.8015 | Pre: 0.6231 | Rec: 0.4328 | F1: 0.4848
2026-04-27 13:41:48,368 | INFO | --- Epoch 32 Report ---
2026-04-27 13:41:48,369 | INFO | Train Loss: 0.4658
2026-04-27 13:41:48,369 | INFO | Val  -> Loss: 0.9350 | Acc: 0.7449 | Pre: 0.5549 | Rec: 0.4871 | F1: 0.4932
2026-04-27 13:41:48,369 | INFO | Test -> Loss: 0.7121 | Acc: 0.7959 | Pre: 0.6214 | Rec: 0.4465 | F1: 0.4979
2026-04-27 13:42:12,175 | INFO | --- Epoch 33 Report ---
2026-04-27 13:42:12,175 | INFO | Train Loss: 0.4638
2026-04-27 13:42:12,175 | INFO | Val  -> Loss: 0.9588 | Acc: 0.7428 | Pre: 0.5549 | Rec: 0.4911 | F1: 0.4943
2026-04-27 13:42:12,175 | INFO | Test -> Loss: 0.7191 | Acc: 0.7969 | Pre: 0.5990 | Rec: 0.4497 | F1: 0.4958
2026-04-27 13:42:35,889 | INFO | --- Epoch 34 Report ---
2026-04-27 13:42:35,890 | INFO | Train Loss: 0.4621
2026-04-27 13:42:35,890 | INFO | Val  -> Loss: 0.9414 | Acc: 0.7377 | Pre: 0.5393 | Rec: 0.4794 | F1: 0.4874
2026-04-27 13:42:35,890 | INFO | Test -> Loss: 0.6983 | Acc: 0.7891 | Pre: 0.5650 | Rec: 0.4426 | F1: 0.4823
2026-04-27 13:42:59,636 | INFO | --- Epoch 35 Report ---
2026-04-27 13:42:59,636 | INFO | Train Loss: 0.4613
2026-04-27 13:42:59,636 | INFO | Val  -> Loss: 0.9625 | Acc: 0.7391 | Pre: 0.5472 | Rec: 0.4812 | F1: 0.4868
2026-04-27 13:42:59,636 | INFO | Test -> Loss: 0.7008 | Acc: 0.7978 | Pre: 0.5997 | Rec: 0.4480 | F1: 0.4943
2026-04-27 13:43:23,495 | INFO | --- Epoch 36 Report ---
2026-04-27 13:43:23,496 | INFO | Train Loss: 0.4596
2026-04-27 13:43:23,496 | INFO | Val  -> Loss: 0.9654 | Acc: 0.7422 | Pre: 0.5489 | Rec: 0.4870 | F1: 0.4902
2026-04-27 13:43:23,496 | INFO | Test -> Loss: 0.6975 | Acc: 0.7962 | Pre: 0.6062 | Rec: 0.4329 | F1: 0.4826
2026-04-27 13:43:47,405 | INFO | --- Epoch 37 Report ---
2026-04-27 13:43:47,406 | INFO | Train Loss: 0.4595
2026-04-27 13:43:47,406 | INFO | Val  -> Loss: 0.9609 | Acc: 0.7367 | Pre: 0.5231 | Rec: 0.4807 | F1: 0.4836
2026-04-27 13:43:47,406 | INFO | Test -> Loss: 0.6945 | Acc: 0.7928 | Pre: 0.5699 | Rec: 0.4619 | F1: 0.4981
2026-04-27 13:44:12,213 | INFO | --- Epoch 38 Report ---
2026-04-27 13:44:12,213 | INFO | Train Loss: 0.4586
2026-04-27 13:44:12,213 | INFO | Val  -> Loss: 0.9539 | Acc: 0.7350 | Pre: 0.5176 | Rec: 0.4741 | F1: 0.4774
2026-04-27 13:44:12,213 | INFO | Test -> Loss: 0.6957 | Acc: 0.7954 | Pre: 0.6037 | Rec: 0.4709 | F1: 0.5126
2026-04-27 13:44:36,944 | INFO | --- Epoch 39 Report ---
2026-04-27 13:44:36,945 | INFO | Train Loss: 0.4565
2026-04-27 13:44:36,945 | INFO | Val  -> Loss: 0.9668 | Acc: 0.7397 | Pre: 0.5438 | Rec: 0.4819 | F1: 0.4880
2026-04-27 13:44:36,945 | INFO | Test -> Loss: 0.6906 | Acc: 0.8003 | Pre: 0.6135 | Rec: 0.4478 | F1: 0.4974
2026-04-27 13:45:02,268 | INFO | --- Epoch 40 Report ---
2026-04-27 13:45:02,268 | INFO | Train Loss: 0.4566
2026-04-27 13:45:02,268 | INFO | Val  -> Loss: 0.9628 | Acc: 0.7405 | Pre: 0.5454 | Rec: 0.4878 | F1: 0.4896
2026-04-27 13:45:02,268 | INFO | Test -> Loss: 0.6962 | Acc: 0.7979 | Pre: 0.6141 | Rec: 0.4753 | F1: 0.5203
2026-04-27 13:45:28,032 | INFO | --- Epoch 41 Report ---
2026-04-27 13:45:28,033 | INFO | Train Loss: 0.4548
2026-04-27 13:45:28,033 | INFO | Val  -> Loss: 0.9682 | Acc: 0.7440 | Pre: 0.5550 | Rec: 0.4931 | F1: 0.4930
2026-04-27 13:45:28,033 | INFO | Test -> Loss: 0.6983 | Acc: 0.7961 | Pre: 0.6012 | Rec: 0.4511 | F1: 0.4982
2026-04-27 13:45:53,688 | INFO | --- Epoch 42 Report ---
2026-04-27 13:45:53,688 | INFO | Train Loss: 0.4550
2026-04-27 13:45:53,688 | INFO | Val  -> Loss: 0.9705 | Acc: 0.7428 | Pre: 0.5548 | Rec: 0.4886 | F1: 0.4911
2026-04-27 13:45:53,689 | INFO | Test -> Loss: 0.6948 | Acc: 0.7959 | Pre: 0.6062 | Rec: 0.4500 | F1: 0.4982
2026-04-27 13:46:18,657 | INFO | --- Epoch 43 Report ---
2026-04-27 13:46:18,657 | INFO | Train Loss: 0.4538
2026-04-27 13:46:18,657 | INFO | Val  -> Loss: 0.9629 | Acc: 0.7397 | Pre: 0.5423 | Rec: 0.4908 | F1: 0.4929
2026-04-27 13:46:18,657 | INFO | Test -> Loss: 0.6898 | Acc: 0.7942 | Pre: 0.5988 | Rec: 0.4529 | F1: 0.4997
2026-04-27 13:46:44,189 | INFO | --- Epoch 44 Report ---
2026-04-27 13:46:44,189 | INFO | Train Loss: 0.4540
2026-04-27 13:46:44,189 | INFO | Val  -> Loss: 0.9744 | Acc: 0.7445 | Pre: 0.5609 | Rec: 0.4923 | F1: 0.4957
2026-04-27 13:46:44,189 | INFO | Test -> Loss: 0.6884 | Acc: 0.7961 | Pre: 0.6120 | Rec: 0.4509 | F1: 0.5003
2026-04-27 13:47:08,772 | INFO | --- Epoch 45 Report ---
2026-04-27 13:47:08,772 | INFO | Train Loss: 0.4528
2026-04-27 13:47:08,772 | INFO | Val  -> Loss: 0.9724 | Acc: 0.7440 | Pre: 0.5610 | Rec: 0.4923 | F1: 0.4951
2026-04-27 13:47:08,772 | INFO | Test -> Loss: 0.6913 | Acc: 0.7944 | Pre: 0.6021 | Rec: 0.4499 | F1: 0.4973
2026-04-27 13:47:33,962 | INFO | --- Epoch 46 Report ---
2026-04-27 13:47:33,963 | INFO | Train Loss: 0.4518
2026-04-27 13:47:33,963 | INFO | Val  -> Loss: 0.9640 | Acc: 0.7425 | Pre: 0.5507 | Rec: 0.4922 | F1: 0.4931
2026-04-27 13:47:33,963 | INFO | Test -> Loss: 0.6875 | Acc: 0.7940 | Pre: 0.5989 | Rec: 0.4517 | F1: 0.4985
2026-04-27 13:47:59,685 | INFO | --- Epoch 47 Report ---
2026-04-27 13:47:59,685 | INFO | Train Loss: 0.4529
2026-04-27 13:47:59,685 | INFO | Val  -> Loss: 0.9682 | Acc: 0.7437 | Pre: 0.5526 | Rec: 0.4914 | F1: 0.4931
2026-04-27 13:47:59,685 | INFO | Test -> Loss: 0.6886 | Acc: 0.7954 | Pre: 0.6052 | Rec: 0.4508 | F1: 0.4989
2026-04-27 13:48:25,472 | INFO | --- Epoch 48 Report ---
2026-04-27 13:48:25,473 | INFO | Train Loss: 0.4514
2026-04-27 13:48:25,473 | INFO | Val  -> Loss: 0.9700 | Acc: 0.7426 | Pre: 0.5532 | Rec: 0.4907 | F1: 0.4921
2026-04-27 13:48:25,473 | INFO | Test -> Loss: 0.6891 | Acc: 0.7957 | Pre: 0.6061 | Rec: 0.4529 | F1: 0.5011
2026-04-27 13:48:51,137 | INFO | --- Epoch 49 Report ---
2026-04-27 13:48:51,137 | INFO | Train Loss: 0.4510
2026-04-27 13:48:51,137 | INFO | Val  -> Loss: 0.9689 | Acc: 0.7426 | Pre: 0.5532 | Rec: 0.4907 | F1: 0.4921
2026-04-27 13:48:51,137 | INFO | Test -> Loss: 0.6888 | Acc: 0.7957 | Pre: 0.6061 | Rec: 0.4529 | F1: 0.5011
2026-04-27 13:49:16,846 | INFO | --- Epoch 50 Report ---
2026-04-27 13:49:16,846 | INFO | Train Loss: 0.4513
2026-04-27 13:49:16,846 | INFO | Val  -> Loss: 0.9695 | Acc: 0.7428 | Pre: 0.5533 | Rec: 0.4908 | F1: 0.4922
2026-04-27 13:49:16,846 | INFO | Test -> Loss: 0.6890 | Acc: 0.7957 | Pre: 0.6057 | Rec: 0.4525 | F1: 0.5006
2026-04-27 13:49:18,925 | INFO | Total training time: 1.44 hours