2026-04-20 18:19:29,441 | INFO | 🚀 TAGCN Reconstruction Pretraining
2026-04-20 18:19:29,442 | INFO | Device: cuda
2026-04-20 18:19:29,442 | INFO | Train jsonl: module1/data_preprocessing/output/finetune/train.jsonl
2026-04-20 18:19:29,442 | INFO | Val jsonl: module1/data_preprocessing/output/finetune/val.jsonl
2026-04-20 18:19:29,443 | INFO | Detected node feature dim = 23
2026-04-20 18:19:29,575 | INFO | 🔄 Loading checkpoint: module2/TAGCN/checkpoints_pretrain/DAPT/reconstruct_best.pt
2026-04-20 18:19:29,584 | INFO | ✅ Successfully loaded weights from dict.
2026-04-20 18:19:33,648 | INFO | Train samples: 78222
2026-04-20 18:19:33,648 | INFO | Val samples: 6520
2026-04-20 18:19:41,678 | INFO | [Epoch 001] Train Loss: 2.214776 | Val Loss: 2.193162
2026-04-20 18:19:41,681 | INFO | ✅ Saved best model (val_loss=2.193162)
2026-04-20 18:19:49,455 | INFO | [Epoch 002] Train Loss: 1.606632 | Val Loss: 0.987307
2026-04-20 18:19:49,458 | INFO | ✅ Saved best model (val_loss=0.987307)
2026-04-20 18:19:57,260 | INFO | [Epoch 003] Train Loss: 0.810781 | Val Loss: 0.850561
2026-04-20 18:19:57,263 | INFO | ✅ Saved best model (val_loss=0.850561)
2026-04-20 18:20:04,993 | INFO | [Epoch 004] Train Loss: 0.389086 | Val Loss: 0.427105
2026-04-20 18:20:04,996 | INFO | ✅ Saved best model (val_loss=0.427105)
2026-04-20 18:20:12,822 | INFO | [Epoch 005] Train Loss: 1.250633 | Val Loss: 0.292996
2026-04-20 18:20:12,827 | INFO | ✅ Saved best model (val_loss=0.292996)
2026-04-20 18:20:20,609 | INFO | [Epoch 006] Train Loss: 0.294297 | Val Loss: 0.277664
2026-04-20 18:20:20,611 | INFO | ✅ Saved best model (val_loss=0.277664)
2026-04-20 18:20:28,426 | INFO | [Epoch 007] Train Loss: 0.277762 | Val Loss: 0.276422
2026-04-20 18:20:28,429 | INFO | ✅ Saved best model (val_loss=0.276422)
2026-04-20 18:20:36,157 | INFO | [Epoch 008] Train Loss: 0.269140 | Val Loss: 0.266065
2026-04-20 18:20:36,161 | INFO | ✅ Saved best model (val_loss=0.266065)
2026-04-20 18:20:43,980 | INFO | [Epoch 009] Train Loss: 0.252034 | Val Loss: 0.255838
2026-04-20 18:20:43,984 | INFO | ✅ Saved best model (val_loss=0.255838)
2026-04-20 18:20:51,777 | INFO | [Epoch 010] Train Loss: 0.270966 | Val Loss: 0.249720
2026-04-20 18:20:51,780 | INFO | ✅ Saved best model (val_loss=0.249720)
2026-04-20 18:20:59,601 | INFO | [Epoch 011] Train Loss: 0.271928 | Val Loss: 0.249720
2026-04-20 18:20:59,606 | INFO | ✅ Saved best model (val_loss=0.249720)
2026-04-20 18:21:07,308 | INFO | [Epoch 012] Train Loss: 0.561062 | Val Loss: 0.245515
2026-04-20 18:21:07,311 | INFO | ✅ Saved best model (val_loss=0.245515)
2026-04-20 18:21:15,068 | INFO | [Epoch 013] Train Loss: 0.233624 | Val Loss: 0.242074
2026-04-20 18:21:15,072 | INFO | ✅ Saved best model (val_loss=0.242074)
2026-04-20 18:21:22,843 | INFO | [Epoch 014] Train Loss: 0.247573 | Val Loss: 0.240953
2026-04-20 18:21:22,845 | INFO | ✅ Saved best model (val_loss=0.240953)
2026-04-20 18:21:30,596 | INFO | [Epoch 015] Train Loss: 0.213455 | Val Loss: 0.240294
2026-04-20 18:21:30,606 | INFO | ✅ Saved best model (val_loss=0.240294)
2026-04-20 18:21:38,325 | INFO | [Epoch 016] Train Loss: 0.220500 | Val Loss: 0.239503
2026-04-20 18:21:38,330 | INFO | ✅ Saved best model (val_loss=0.239503)
2026-04-20 18:21:46,142 | INFO | [Epoch 017] Train Loss: 0.224068 | Val Loss: 0.236751
2026-04-20 18:21:46,144 | INFO | ✅ Saved best model (val_loss=0.236751)
2026-04-20 18:21:53,968 | INFO | [Epoch 018] Train Loss: 0.198172 | Val Loss: 0.222911
2026-04-20 18:21:53,975 | INFO | ✅ Saved best model (val_loss=0.222911)
2026-04-20 18:22:01,754 | INFO | [Epoch 019] Train Loss: 0.196675 | Val Loss: 0.225638
2026-04-20 18:22:09,444 | INFO | [Epoch 020] Train Loss: 0.190219 | Val Loss: 0.221685
2026-04-20 18:22:09,448 | INFO | ✅ Saved best model (val_loss=0.221685)
2026-04-20 18:22:17,179 | INFO | [Epoch 021] Train Loss: 0.207027 | Val Loss: 0.219555
2026-04-20 18:22:17,181 | INFO | ✅ Saved best model (val_loss=0.219555)
2026-04-20 18:22:25,012 | INFO | [Epoch 022] Train Loss: 0.187131 | Val Loss: 0.219703
2026-04-20 18:22:32,758 | INFO | [Epoch 023] Train Loss: 0.202079 | Val Loss: 0.210230
2026-04-20 18:22:32,760 | INFO | ✅ Saved best model (val_loss=0.210230)
2026-04-20 18:22:40,549 | INFO | [Epoch 024] Train Loss: 0.189935 | Val Loss: 0.216452
2026-04-20 18:22:48,379 | INFO | [Epoch 025] Train Loss: 0.191742 | Val Loss: 0.215449
2026-04-20 18:22:56,148 | INFO | [Epoch 026] Train Loss: 0.182910 | Val Loss: 0.203690
2026-04-20 18:22:56,151 | INFO | ✅ Saved best model (val_loss=0.203690)
2026-04-20 18:23:03,949 | INFO | [Epoch 027] Train Loss: 0.201130 | Val Loss: 0.189727
2026-04-20 18:23:03,953 | INFO | ✅ Saved best model (val_loss=0.189727)
2026-04-20 18:23:11,710 | INFO | [Epoch 028] Train Loss: 0.175370 | Val Loss: 0.184295
2026-04-20 18:23:11,712 | INFO | ✅ Saved best model (val_loss=0.184295)
2026-04-20 18:23:19,459 | INFO | [Epoch 029] Train Loss: 0.165033 | Val Loss: 0.181773
2026-04-20 18:23:19,463 | INFO | ✅ Saved best model (val_loss=0.181773)
2026-04-20 18:23:27,243 | INFO | [Epoch 030] Train Loss: 0.175228 | Val Loss: 0.181186
2026-04-20 18:23:27,246 | INFO | ✅ Saved best model (val_loss=0.181186)
2026-04-20 18:23:35,041 | INFO | [Epoch 031] Train Loss: 0.184405 | Val Loss: 0.181832
2026-04-20 18:23:42,822 | INFO | [Epoch 032] Train Loss: 0.192006 | Val Loss: 0.178540
2026-04-20 18:23:42,826 | INFO | ✅ Saved best model (val_loss=0.178540)
2026-04-20 18:23:50,578 | INFO | [Epoch 033] Train Loss: 0.154856 | Val Loss: 0.174652
2026-04-20 18:23:50,580 | INFO | ✅ Saved best model (val_loss=0.174652)
2026-04-20 18:23:58,339 | INFO | [Epoch 034] Train Loss: 0.165414 | Val Loss: 0.174751
2026-04-20 18:24:06,130 | INFO | [Epoch 035] Train Loss: 0.171546 | Val Loss: 0.180141
2026-04-20 18:24:13,893 | INFO | [Epoch 036] Train Loss: 0.153961 | Val Loss: 0.176346
2026-04-20 18:24:21,694 | INFO | [Epoch 037] Train Loss: 0.159600 | Val Loss: 0.176939
2026-04-20 18:24:29,470 | INFO | [Epoch 038] Train Loss: 0.147166 | Val Loss: 0.174187
2026-04-20 18:24:29,472 | INFO | ✅ Saved best model (val_loss=0.174187)
2026-04-20 18:24:37,251 | INFO | [Epoch 039] Train Loss: 0.157067 | Val Loss: 0.168494
2026-04-20 18:24:37,256 | INFO | ✅ Saved best model (val_loss=0.168494)
2026-04-20 18:24:45,083 | INFO | [Epoch 040] Train Loss: 0.161780 | Val Loss: 0.163179
2026-04-20 18:24:45,086 | INFO | ✅ Saved best model (val_loss=0.163179)
2026-04-20 18:24:45,086 | INFO | 🏁 Training finished
2026-04-20 18:24:45,086 | INFO | ⏱ Total time: 0.09 hours
2026-04-20 18:24:45,087 | INFO | 📄 Log saved at: module2/TAGCN/checkpoints_pretrain/DAPT_TAPT/train_20260420_181929.log
