2026-04-27 01:33:00,462 | INFO | 🚀 Device: cuda | Experiment: module2/TAGCN/checkpoints_finetune/DAPT/
2026-04-27 01:33:00,462 | INFO | Loading module1/data_preprocessing/output/finetune/train.jsonl (4087.03 MB)...
2026-04-27 01:39:54,442 | INFO | Successfully cached 78222 samples.
2026-04-27 01:39:54,442 | INFO | Loading module1/data_preprocessing/output/finetune/val.jsonl (468.01 MB)...
2026-04-27 01:40:31,191 | INFO | Successfully cached 6520 samples.
2026-04-27 01:40:31,191 | INFO | Loading module1/data_preprocessing/output/finetune/test.jsonl (376.63 MB)...
2026-04-27 01:41:04,000 | INFO | Successfully cached 7042 samples.
2026-04-27 01:41:04,137 | INFO | Loading pretrained encoder: module2/TAGCN/checkpoints_pretrain/TAPT/reconstruct_best.pt
2026-04-27 01:41:15,108 | INFO | [Epoch 001] Train Loss: 0.8679
2026-04-27 01:41:15,108 | INFO | [Epoch 001] Val  -> Loss: 0.8267 | Acc: 0.7075 | Pre: 0.4800 | Rec: 0.4298 | F1: 0.4232
2026-04-27 01:41:15,108 | INFO | [Epoch 001] Test -> Loss: 0.8432 | Acc: 0.7535 | Pre: 0.4294 | Rec: 0.3869 | F1: 0.3884
2026-04-27 01:41:15,110 | INFO | ⭐ New Best Val F1: 0.4232 (Model Saved)
2026-04-27 01:41:25,292 | INFO | [Epoch 002] Train Loss: 0.7823
2026-04-27 01:41:25,292 | INFO | [Epoch 002] Val  -> Loss: 0.8588 | Acc: 0.7400 | Pre: 0.5884 | Rec: 0.4702 | F1: 0.4841
2026-04-27 01:41:25,292 | INFO | [Epoch 002] Test -> Loss: 0.7832 | Acc: 0.7836 | Pre: 0.5161 | Rec: 0.3854 | F1: 0.4124
2026-04-27 01:41:25,294 | INFO | ⭐ New Best Val F1: 0.4841 (Model Saved)
2026-04-27 01:41:35,642 | INFO | [Epoch 003] Train Loss: 0.7519
2026-04-27 01:41:35,642 | INFO | [Epoch 003] Val  -> Loss: 0.8288 | Acc: 0.7232 | Pre: 0.5337 | Rec: 0.4444 | F1: 0.4485
2026-04-27 01:41:35,642 | INFO | [Epoch 003] Test -> Loss: 0.7598 | Acc: 0.7793 | Pre: 0.4864 | Rec: 0.3653 | F1: 0.3878
2026-04-27 01:41:46,007 | INFO | [Epoch 004] Train Loss: 0.7333
2026-04-27 01:41:46,008 | INFO | [Epoch 004] Val  -> Loss: 0.8865 | Acc: 0.7094 | Pre: 0.4575 | Rec: 0.4493 | F1: 0.4187
2026-04-27 01:41:46,008 | INFO | [Epoch 004] Test -> Loss: 0.7699 | Acc: 0.7744 | Pre: 0.4390 | Rec: 0.3801 | F1: 0.3963
2026-04-27 01:41:56,263 | INFO | [Epoch 005] Train Loss: 0.7190
2026-04-27 01:41:56,263 | INFO | [Epoch 005] Val  -> Loss: 0.8551 | Acc: 0.7123 | Pre: 0.4904 | Rec: 0.3571 | F1: 0.3817
2026-04-27 01:41:56,263 | INFO | [Epoch 005] Test -> Loss: 0.7368 | Acc: 0.7798 | Pre: 0.5051 | Rec: 0.3449 | F1: 0.3640
2026-04-27 01:42:06,546 | INFO | [Epoch 006] Train Loss: 0.7073
2026-04-27 01:42:06,546 | INFO | [Epoch 006] Val  -> Loss: 0.8489 | Acc: 0.7172 | Pre: 0.5099 | Rec: 0.4451 | F1: 0.4481
2026-04-27 01:42:06,546 | INFO | [Epoch 006] Test -> Loss: 0.7261 | Acc: 0.7735 | Pre: 0.5111 | Rec: 0.3840 | F1: 0.4153
2026-04-27 01:42:16,836 | INFO | [Epoch 007] Train Loss: 0.6997
2026-04-27 01:42:16,836 | INFO | [Epoch 007] Val  -> Loss: 0.8851 | Acc: 0.7298 | Pre: 0.5409 | Rec: 0.4463 | F1: 0.4487
2026-04-27 01:42:16,836 | INFO | [Epoch 007] Test -> Loss: 0.6965 | Acc: 0.7810 | Pre: 0.4996 | Rec: 0.3710 | F1: 0.3965
2026-04-27 01:42:27,139 | INFO | [Epoch 008] Train Loss: 0.6922
2026-04-27 01:42:27,139 | INFO | [Epoch 008] Val  -> Loss: 0.9079 | Acc: 0.7213 | Pre: 0.5149 | Rec: 0.4506 | F1: 0.4547
2026-04-27 01:42:27,139 | INFO | [Epoch 008] Test -> Loss: 0.7229 | Acc: 0.7864 | Pre: 0.5703 | Rec: 0.4158 | F1: 0.4473
2026-04-27 01:42:37,454 | INFO | [Epoch 009] Train Loss: 0.6862
2026-04-27 01:42:37,454 | INFO | [Epoch 009] Val  -> Loss: 0.8917 | Acc: 0.7229 | Pre: 0.5286 | Rec: 0.4698 | F1: 0.4742
2026-04-27 01:42:37,454 | INFO | [Epoch 009] Test -> Loss: 0.7484 | Acc: 0.7826 | Pre: 0.5215 | Rec: 0.4158 | F1: 0.4397
2026-04-27 01:42:47,797 | INFO | [Epoch 010] Train Loss: 0.6811
2026-04-27 01:42:47,797 | INFO | [Epoch 010] Val  -> Loss: 0.9319 | Acc: 0.7084 | Pre: 0.4588 | Rec: 0.3515 | F1: 0.3693
2026-04-27 01:42:47,797 | INFO | [Epoch 010] Test -> Loss: 0.7238 | Acc: 0.7897 | Pre: 0.4972 | Rec: 0.3526 | F1: 0.3797
2026-04-27 01:42:57,992 | INFO | [Epoch 011] Train Loss: 0.6764
2026-04-27 01:42:57,992 | INFO | [Epoch 011] Val  -> Loss: 0.8979 | Acc: 0.7229 | Pre: 0.5234 | Rec: 0.4677 | F1: 0.4741
2026-04-27 01:42:57,992 | INFO | [Epoch 011] Test -> Loss: 0.7215 | Acc: 0.7866 | Pre: 0.5415 | Rec: 0.4071 | F1: 0.4456
2026-04-27 01:43:08,298 | INFO | [Epoch 012] Train Loss: 0.6730
2026-04-27 01:43:08,299 | INFO | [Epoch 012] Val  -> Loss: 0.9197 | Acc: 0.7141 | Pre: 0.4921 | Rec: 0.4609 | F1: 0.4528
2026-04-27 01:43:08,299 | INFO | [Epoch 012] Test -> Loss: 0.7168 | Acc: 0.7897 | Pre: 0.5498 | Rec: 0.4116 | F1: 0.4508
2026-04-27 01:43:18,571 | INFO | [Epoch 013] Train Loss: 0.6692
2026-04-27 01:43:18,571 | INFO | [Epoch 013] Val  -> Loss: 0.9110 | Acc: 0.7140 | Pre: 0.4950 | Rec: 0.4706 | F1: 0.4568
2026-04-27 01:43:18,571 | INFO | [Epoch 013] Test -> Loss: 0.7110 | Acc: 0.7904 | Pre: 0.5469 | Rec: 0.4249 | F1: 0.4550
2026-04-27 01:43:28,858 | INFO | [Epoch 014] Train Loss: 0.6652
2026-04-27 01:43:28,858 | INFO | [Epoch 014] Val  -> Loss: 0.8848 | Acc: 0.7196 | Pre: 0.5202 | Rec: 0.4684 | F1: 0.4675
2026-04-27 01:43:28,858 | INFO | [Epoch 014] Test -> Loss: 0.7425 | Acc: 0.7847 | Pre: 0.5472 | Rec: 0.4029 | F1: 0.4384
2026-04-27 01:43:39,170 | INFO | [Epoch 015] Train Loss: 0.6632
2026-04-27 01:43:39,170 | INFO | [Epoch 015] Val  -> Loss: 0.9092 | Acc: 0.7353 | Pre: 0.5626 | Rec: 0.4735 | F1: 0.4766
2026-04-27 01:43:39,170 | INFO | [Epoch 015] Test -> Loss: 0.7160 | Acc: 0.7948 | Pre: 0.5717 | Rec: 0.4048 | F1: 0.4456
2026-04-27 01:43:49,482 | INFO | [Epoch 016] Train Loss: 0.6609
2026-04-27 01:43:49,482 | INFO | [Epoch 016] Val  -> Loss: 0.9150 | Acc: 0.7265 | Pre: 0.5052 | Rec: 0.4688 | F1: 0.4446
2026-04-27 01:43:49,482 | INFO | [Epoch 016] Test -> Loss: 0.7267 | Acc: 0.7861 | Pre: 0.5054 | Rec: 0.3936 | F1: 0.4153
2026-04-27 01:43:59,788 | INFO | [Epoch 017] Train Loss: 0.6586
2026-04-27 01:43:59,788 | INFO | [Epoch 017] Val  -> Loss: 0.9149 | Acc: 0.7190 | Pre: 0.5125 | Rec: 0.4563 | F1: 0.4539
2026-04-27 01:43:59,788 | INFO | [Epoch 017] Test -> Loss: 0.6996 | Acc: 0.7935 | Pre: 0.5846 | Rec: 0.4243 | F1: 0.4574
2026-04-27 01:44:10,099 | INFO | [Epoch 018] Train Loss: 0.6556
2026-04-27 01:44:10,099 | INFO | [Epoch 018] Val  -> Loss: 0.9085 | Acc: 0.7135 | Pre: 0.4767 | Rec: 0.4439 | F1: 0.4307
2026-04-27 01:44:10,099 | INFO | [Epoch 018] Test -> Loss: 0.7121 | Acc: 0.7917 | Pre: 0.5950 | Rec: 0.4532 | F1: 0.4708
2026-04-27 01:44:20,461 | INFO | [Epoch 019] Train Loss: 0.6545
2026-04-27 01:44:20,461 | INFO | [Epoch 019] Val  -> Loss: 0.9433 | Acc: 0.5649 | Pre: 0.4227 | Rec: 0.4220 | F1: 0.4060
2026-04-27 01:44:20,461 | INFO | [Epoch 019] Test -> Loss: 0.7147 | Acc: 0.7227 | Pre: 0.4687 | Rec: 0.3860 | F1: 0.4130
2026-04-27 01:44:30,781 | INFO | [Epoch 020] Train Loss: 0.6507
2026-04-27 01:44:30,781 | INFO | [Epoch 020] Val  -> Loss: 0.8964 | Acc: 0.7264 | Pre: 0.5361 | Rec: 0.4736 | F1: 0.4724
2026-04-27 01:44:30,781 | INFO | [Epoch 020] Test -> Loss: 0.6834 | Acc: 0.7915 | Pre: 0.5288 | Rec: 0.4052 | F1: 0.4359
2026-04-27 01:44:41,116 | INFO | [Epoch 021] Train Loss: 0.6499
2026-04-27 01:44:41,116 | INFO | [Epoch 021] Val  -> Loss: 0.9455 | Acc: 0.7265 | Pre: 0.5327 | Rec: 0.4695 | F1: 0.4691
2026-04-27 01:44:41,116 | INFO | [Epoch 021] Test -> Loss: 0.7134 | Acc: 0.7962 | Pre: 0.5694 | Rec: 0.4102 | F1: 0.4509
2026-04-27 01:44:51,418 | INFO | [Epoch 022] Train Loss: 0.6476
2026-04-27 01:44:51,418 | INFO | [Epoch 022] Val  -> Loss: 0.8794 | Acc: 0.7379 | Pre: 0.5448 | Rec: 0.4655 | F1: 0.4638
2026-04-27 01:44:51,418 | INFO | [Epoch 022] Test -> Loss: 0.6784 | Acc: 0.8002 | Pre: 0.6287 | Rec: 0.4540 | F1: 0.4930
2026-04-27 01:45:01,766 | INFO | [Epoch 023] Train Loss: 0.6461
2026-04-27 01:45:01,766 | INFO | [Epoch 023] Val  -> Loss: 0.8729 | Acc: 0.7281 | Pre: 0.5272 | Rec: 0.4694 | F1: 0.4676
2026-04-27 01:45:01,766 | INFO | [Epoch 023] Test -> Loss: 0.6898 | Acc: 0.7996 | Pre: 0.5981 | Rec: 0.4494 | F1: 0.4920
2026-04-27 01:45:12,145 | INFO | [Epoch 024] Train Loss: 0.6450
2026-04-27 01:45:12,145 | INFO | [Epoch 024] Val  -> Loss: 0.8731 | Acc: 0.7365 | Pre: 0.5602 | Rec: 0.4743 | F1: 0.4781
2026-04-27 01:45:12,145 | INFO | [Epoch 024] Test -> Loss: 0.6835 | Acc: 0.7955 | Pre: 0.5824 | Rec: 0.4307 | F1: 0.4718
2026-04-27 01:45:22,483 | INFO | [Epoch 025] Train Loss: 0.6433
2026-04-27 01:45:22,483 | INFO | [Epoch 025] Val  -> Loss: 0.9260 | Acc: 0.7298 | Pre: 0.5323 | Rec: 0.4866 | F1: 0.4733
2026-04-27 01:45:22,483 | INFO | [Epoch 025] Test -> Loss: 0.7274 | Acc: 0.7930 | Pre: 0.5651 | Rec: 0.4672 | F1: 0.4849
2026-04-27 01:45:32,753 | INFO | [Epoch 026] Train Loss: 0.6421
2026-04-27 01:45:32,753 | INFO | [Epoch 026] Val  -> Loss: 0.9189 | Acc: 0.7271 | Pre: 0.5213 | Rec: 0.4475 | F1: 0.4461
2026-04-27 01:45:32,753 | INFO | [Epoch 026] Test -> Loss: 0.6901 | Acc: 0.7948 | Pre: 0.5510 | Rec: 0.4354 | F1: 0.4645
2026-04-27 01:45:43,005 | INFO | [Epoch 027] Train Loss: 0.6403
2026-04-27 01:45:43,005 | INFO | [Epoch 027] Val  -> Loss: 0.8832 | Acc: 0.7123 | Pre: 0.4774 | Rec: 0.4445 | F1: 0.4352
2026-04-27 01:45:43,005 | INFO | [Epoch 027] Test -> Loss: 0.7082 | Acc: 0.7918 | Pre: 0.5770 | Rec: 0.4443 | F1: 0.4678
2026-04-27 01:45:53,278 | INFO | [Epoch 028] Train Loss: 0.6400
2026-04-27 01:45:53,278 | INFO | [Epoch 028] Val  -> Loss: 0.9054 | Acc: 0.7235 | Pre: 0.5074 | Rec: 0.4476 | F1: 0.4405
2026-04-27 01:45:53,278 | INFO | [Epoch 028] Test -> Loss: 0.6814 | Acc: 0.7932 | Pre: 0.5507 | Rec: 0.4162 | F1: 0.4451
2026-04-27 01:46:03,564 | INFO | [Epoch 029] Train Loss: 0.6383
2026-04-27 01:46:03,565 | INFO | [Epoch 029] Val  -> Loss: 0.8737 | Acc: 0.7216 | Pre: 0.5093 | Rec: 0.4541 | F1: 0.4482
2026-04-27 01:46:03,565 | INFO | [Epoch 029] Test -> Loss: 0.7064 | Acc: 0.7964 | Pre: 0.6085 | Rec: 0.4701 | F1: 0.5022
2026-04-27 01:46:13,842 | INFO | [Epoch 030] Train Loss: 0.6374
2026-04-27 01:46:13,842 | INFO | [Epoch 030] Val  -> Loss: 0.8815 | Acc: 0.7431 | Pre: 0.5777 | Rec: 0.4785 | F1: 0.4826
2026-04-27 01:46:13,842 | INFO | [Epoch 030] Test -> Loss: 0.6867 | Acc: 0.7972 | Pre: 0.5652 | Rec: 0.4160 | F1: 0.4538
2026-04-27 01:46:24,112 | INFO | [Epoch 031] Train Loss: 0.6355
2026-04-27 01:46:24,112 | INFO | [Epoch 031] Val  -> Loss: 0.9086 | Acc: 0.7340 | Pre: 0.5470 | Rec: 0.4828 | F1: 0.4814
2026-04-27 01:46:24,112 | INFO | [Epoch 031] Test -> Loss: 0.6895 | Acc: 0.7935 | Pre: 0.5364 | Rec: 0.4401 | F1: 0.4613
2026-04-27 01:46:34,404 | INFO | [Epoch 032] Train Loss: 0.6346
2026-04-27 01:46:34,404 | INFO | [Epoch 032] Val  -> Loss: 0.8689 | Acc: 0.7181 | Pre: 0.5057 | Rec: 0.4574 | F1: 0.4487
2026-04-27 01:46:34,404 | INFO | [Epoch 032] Test -> Loss: 0.6767 | Acc: 0.7908 | Pre: 0.5389 | Rec: 0.4494 | F1: 0.4678
2026-04-27 01:46:44,670 | INFO | [Epoch 033] Train Loss: 0.6339
2026-04-27 01:46:44,670 | INFO | [Epoch 033] Val  -> Loss: 0.8791 | Acc: 0.7342 | Pre: 0.5270 | Rec: 0.4691 | F1: 0.4603
2026-04-27 01:46:44,670 | INFO | [Epoch 033] Test -> Loss: 0.6765 | Acc: 0.7949 | Pre: 0.5074 | Rec: 0.4241 | F1: 0.4461
2026-04-27 01:46:55,042 | INFO | [Epoch 034] Train Loss: 0.6333
2026-04-27 01:46:55,042 | INFO | [Epoch 034] Val  -> Loss: 0.9210 | Acc: 0.7259 | Pre: 0.4708 | Rec: 0.4569 | F1: 0.4415
2026-04-27 01:46:55,042 | INFO | [Epoch 034] Test -> Loss: 0.7030 | Acc: 0.7974 | Pre: 0.5593 | Rec: 0.4259 | F1: 0.4641
2026-04-27 01:47:05,351 | INFO | [Epoch 035] Train Loss: 0.6317
2026-04-27 01:47:05,351 | INFO | [Epoch 035] Val  -> Loss: 0.9084 | Acc: 0.7321 | Pre: 0.5409 | Rec: 0.4623 | F1: 0.4583
2026-04-27 01:47:05,352 | INFO | [Epoch 035] Test -> Loss: 0.6707 | Acc: 0.8015 | Pre: 0.5923 | Rec: 0.4343 | F1: 0.4770
2026-04-27 01:47:15,709 | INFO | [Epoch 036] Train Loss: 0.6311
2026-04-27 01:47:15,709 | INFO | [Epoch 036] Val  -> Loss: 0.9316 | Acc: 0.7143 | Pre: 0.4840 | Rec: 0.3730 | F1: 0.3917
2026-04-27 01:47:15,709 | INFO | [Epoch 036] Test -> Loss: 0.6954 | Acc: 0.7945 | Pre: 0.5587 | Rec: 0.3752 | F1: 0.4135
2026-04-27 01:47:26,034 | INFO | [Epoch 037] Train Loss: 0.6298
2026-04-27 01:47:26,035 | INFO | [Epoch 037] Val  -> Loss: 0.9200 | Acc: 0.7351 | Pre: 0.5330 | Rec: 0.4140 | F1: 0.4457
2026-04-27 01:47:26,035 | INFO | [Epoch 037] Test -> Loss: 0.7028 | Acc: 0.7975 | Pre: 0.5658 | Rec: 0.3948 | F1: 0.4360
2026-04-27 01:47:36,359 | INFO | [Epoch 038] Train Loss: 0.6288
2026-04-27 01:47:36,359 | INFO | [Epoch 038] Val  -> Loss: 0.8738 | Acc: 0.7397 | Pre: 0.5591 | Rec: 0.4745 | F1: 0.4757
2026-04-27 01:47:36,359 | INFO | [Epoch 038] Test -> Loss: 0.6876 | Acc: 0.8005 | Pre: 0.5988 | Rec: 0.4346 | F1: 0.4732
2026-04-27 01:47:46,573 | INFO | [Epoch 039] Train Loss: 0.6288
2026-04-27 01:47:46,574 | INFO | [Epoch 039] Val  -> Loss: 0.8709 | Acc: 0.7276 | Pre: 0.5354 | Rec: 0.4626 | F1: 0.4600
2026-04-27 01:47:46,574 | INFO | [Epoch 039] Test -> Loss: 0.6850 | Acc: 0.7928 | Pre: 0.5519 | Rec: 0.4325 | F1: 0.4539
2026-04-27 01:47:56,779 | INFO | [Epoch 040] Train Loss: 0.6294
2026-04-27 01:47:56,779 | INFO | [Epoch 040] Val  -> Loss: 0.8490 | Acc: 0.7416 | Pre: 0.5604 | Rec: 0.4827 | F1: 0.4927
2026-04-27 01:47:56,779 | INFO | [Epoch 040] Test -> Loss: 0.6718 | Acc: 0.7985 | Pre: 0.5583 | Rec: 0.4630 | F1: 0.4888
2026-04-27 01:47:56,781 | INFO | ⭐ New Best Val F1: 0.4927 (Model Saved)
2026-04-27 01:48:06,963 | INFO | [Epoch 041] Train Loss: 0.6274
2026-04-27 01:48:06,963 | INFO | [Epoch 041] Val  -> Loss: 0.8771 | Acc: 0.7348 | Pre: 0.5221 | Rec: 0.4772 | F1: 0.4550
2026-04-27 01:48:06,963 | INFO | [Epoch 041] Test -> Loss: 0.6748 | Acc: 0.8032 | Pre: 0.6158 | Rec: 0.4758 | F1: 0.5128
2026-04-27 01:48:17,126 | INFO | [Epoch 042] Train Loss: 0.6252
2026-04-27 01:48:17,126 | INFO | [Epoch 042] Val  -> Loss: 0.9038 | Acc: 0.7290 | Pre: 0.5246 | Rec: 0.4629 | F1: 0.4638
2026-04-27 01:48:17,126 | INFO | [Epoch 042] Test -> Loss: 0.6915 | Acc: 0.8026 | Pre: 0.6097 | Rec: 0.4594 | F1: 0.5012
2026-04-27 01:48:27,408 | INFO | [Epoch 043] Train Loss: 0.6257
2026-04-27 01:48:27,408 | INFO | [Epoch 043] Val  -> Loss: 0.9145 | Acc: 0.7275 | Pre: 0.4704 | Rec: 0.4473 | F1: 0.4368
2026-04-27 01:48:27,408 | INFO | [Epoch 043] Test -> Loss: 0.6784 | Acc: 0.8037 | Pre: 0.6073 | Rec: 0.4519 | F1: 0.4951
2026-04-27 01:48:37,849 | INFO | [Epoch 044] Train Loss: 0.6255
2026-04-27 01:48:37,849 | INFO | [Epoch 044] Val  -> Loss: 0.8649 | Acc: 0.7406 | Pre: 0.5725 | Rec: 0.4635 | F1: 0.4787
2026-04-27 01:48:37,849 | INFO | [Epoch 044] Test -> Loss: 0.6782 | Acc: 0.7957 | Pre: 0.5462 | Rec: 0.4328 | F1: 0.4602
2026-04-27 01:48:48,121 | INFO | [Epoch 045] Train Loss: 0.6246
2026-04-27 01:48:48,122 | INFO | [Epoch 045] Val  -> Loss: 0.9266 | Acc: 0.7324 | Pre: 0.5005 | Rec: 0.4501 | F1: 0.4301
2026-04-27 01:48:48,122 | INFO | [Epoch 045] Test -> Loss: 0.6908 | Acc: 0.7982 | Pre: 0.5765 | Rec: 0.4176 | F1: 0.4587
2026-04-27 01:48:58,452 | INFO | [Epoch 046] Train Loss: 0.6237
2026-04-27 01:48:58,452 | INFO | [Epoch 046] Val  -> Loss: 0.9150 | Acc: 0.7405 | Pre: 0.5606 | Rec: 0.4881 | F1: 0.4865
2026-04-27 01:48:58,452 | INFO | [Epoch 046] Test -> Loss: 0.7040 | Acc: 0.7962 | Pre: 0.5443 | Rec: 0.4598 | F1: 0.4791
2026-04-27 01:49:08,733 | INFO | [Epoch 047] Train Loss: 0.6244
2026-04-27 01:49:08,733 | INFO | [Epoch 047] Val  -> Loss: 0.8892 | Acc: 0.7325 | Pre: 0.5044 | Rec: 0.4686 | F1: 0.4464
2026-04-27 01:49:08,733 | INFO | [Epoch 047] Test -> Loss: 0.6858 | Acc: 0.8002 | Pre: 0.5837 | Rec: 0.4560 | F1: 0.4920
2026-04-27 01:49:19,039 | INFO | [Epoch 048] Train Loss: 0.6226
2026-04-27 01:49:19,039 | INFO | [Epoch 048] Val  -> Loss: 0.8863 | Acc: 0.7207 | Pre: 0.4191 | Rec: 0.4465 | F1: 0.4103
2026-04-27 01:49:19,039 | INFO | [Epoch 048] Test -> Loss: 0.6733 | Acc: 0.8015 | Pre: 0.5873 | Rec: 0.4578 | F1: 0.4940
2026-04-27 01:49:29,355 | INFO | [Epoch 049] Train Loss: 0.6219
2026-04-27 01:49:29,355 | INFO | [Epoch 049] Val  -> Loss: 0.9309 | Acc: 0.7206 | Pre: 0.4585 | Rec: 0.4423 | F1: 0.4189
2026-04-27 01:49:29,355 | INFO | [Epoch 049] Test -> Loss: 0.7085 | Acc: 0.8012 | Pre: 0.5981 | Rec: 0.4787 | F1: 0.5126
2026-04-27 01:49:39,722 | INFO | [Epoch 050] Train Loss: 0.6213
2026-04-27 01:49:39,722 | INFO | [Epoch 050] Val  -> Loss: 0.9566 | Acc: 0.7179 | Pre: 0.4568 | Rec: 0.4437 | F1: 0.4273
2026-04-27 01:49:39,722 | INFO | [Epoch 050] Test -> Loss: 0.7135 | Acc: 0.8012 | Pre: 0.5880 | Rec: 0.4565 | F1: 0.4937
2026-04-27 01:49:39,722 | INFO | 🏁 Finished. Total Time: 0.28h
