2026-05-01 21:42:49,251 | INFO | Device: cuda
2026-05-01 21:42:49,252 | INFO | Using TOP_K (max_neighbors): 3
2026-05-01 21:42:49,252 | INFO | Loading dataset into RAM: module3/db_data/rac_train_pairs.jsonl
2026-05-01 21:42:49,252 | INFO | Total file size: 57.62 GB
2026-05-01 22:18:53,658 | INFO | Successfully cached 78222 samples.
2026-05-01 22:18:53,659 | INFO | Loading dataset into RAM: module3/db_data/rac_val_pairs.jsonl
2026-05-01 22:18:53,659 | INFO | Total file size: 7.14 GB
2026-05-01 22:22:48,488 | INFO | Successfully cached 6520 samples.
2026-05-01 22:22:48,488 | INFO | Loading dataset into RAM: module3/db_data/rac_test_pairs.jsonl
2026-05-01 22:22:48,488 | INFO | Total file size: 6.65 GB
2026-05-01 22:27:06,576 | INFO | Successfully cached 7042 samples.
2026-05-01 22:27:06,745 | INFO | Loading pretrained encoder: module2/TAGCN/checkpoints_pretrain/DAPT/reconstruct_best.pt
2026-05-01 22:27:52,632 | INFO | --- Epoch 1 Report ---
2026-05-01 22:27:52,632 | INFO | Train Loss: 0.8850
2026-05-01 22:27:52,632 | INFO | Val  -> Loss: 0.9895 | Acc: 0.6798 | Pre: 0.3383 | Rec: 0.3566 | F1: 0.3103
2026-05-01 22:27:52,632 | INFO | Test -> Loss: 0.9287 | Acc: 0.7468 | Pre: 0.4028 | Rec: 0.3593 | F1: 0.3390
2026-05-01 22:27:52,659 | INFO | 🏆 Saved best model (Val F1 improved to 0.3103)
2026-05-01 22:28:38,114 | INFO | --- Epoch 2 Report ---
2026-05-01 22:28:38,114 | INFO | Train Loss: 0.7101
2026-05-01 22:28:38,114 | INFO | Val  -> Loss: 1.1415 | Acc: 0.7095 | Pre: 0.4845 | Rec: 0.3828 | F1: 0.3644
2026-05-01 22:28:38,114 | INFO | Test -> Loss: 0.9568 | Acc: 0.7735 | Pre: 0.5083 | Rec: 0.3665 | F1: 0.3765
2026-05-01 22:28:38,116 | INFO | 🏆 Saved best model (Val F1 improved to 0.3644)
2026-05-01 22:29:23,949 | INFO | --- Epoch 3 Report ---
2026-05-01 22:29:23,949 | INFO | Train Loss: 0.6435
2026-05-01 22:29:23,949 | INFO | Val  -> Loss: 1.0952 | Acc: 0.6971 | Pre: 0.4013 | Rec: 0.4032 | F1: 0.3708
2026-05-01 22:29:23,949 | INFO | Test -> Loss: 0.9173 | Acc: 0.7634 | Pre: 0.4405 | Rec: 0.3670 | F1: 0.3762
2026-05-01 22:29:23,951 | INFO | 🏆 Saved best model (Val F1 improved to 0.3708)
2026-05-01 22:30:12,648 | INFO | --- Epoch 4 Report ---
2026-05-01 22:30:12,648 | INFO | Train Loss: 0.6098
2026-05-01 22:30:12,648 | INFO | Val  -> Loss: 1.0089 | Acc: 0.7055 | Pre: 0.4671 | Rec: 0.4254 | F1: 0.4126
2026-05-01 22:30:12,648 | INFO | Test -> Loss: 0.9862 | Acc: 0.7202 | Pre: 0.4412 | Rec: 0.3872 | F1: 0.3852
2026-05-01 22:30:12,650 | INFO | 🏆 Saved best model (Val F1 improved to 0.4126)
2026-05-01 22:30:58,037 | INFO | --- Epoch 5 Report ---
2026-05-01 22:30:58,037 | INFO | Train Loss: 0.5867
2026-05-01 22:30:58,037 | INFO | Val  -> Loss: 0.9536 | Acc: 0.7275 | Pre: 0.5171 | Rec: 0.4486 | F1: 0.4720
2026-05-01 22:30:58,037 | INFO | Test -> Loss: 0.8986 | Acc: 0.7177 | Pre: 0.4069 | Rec: 0.3594 | F1: 0.3603
2026-05-01 22:30:58,039 | INFO | 🏆 Saved best model (Val F1 improved to 0.4720)
2026-05-01 22:31:43,649 | INFO | --- Epoch 6 Report ---
2026-05-01 22:31:43,649 | INFO | Train Loss: 0.5667
2026-05-01 22:31:43,649 | INFO | Val  -> Loss: 1.0956 | Acc: 0.6917 | Pre: 0.4352 | Rec: 0.4155 | F1: 0.4037
2026-05-01 22:31:43,649 | INFO | Test -> Loss: 0.8903 | Acc: 0.7854 | Pre: 0.5756 | Rec: 0.4199 | F1: 0.4546
2026-05-01 22:32:31,518 | INFO | --- Epoch 7 Report ---
2026-05-01 22:32:31,519 | INFO | Train Loss: 0.5500
2026-05-01 22:32:31,519 | INFO | Val  -> Loss: 1.0017 | Acc: 0.7278 | Pre: 0.5140 | Rec: 0.4838 | F1: 0.4716
2026-05-01 22:32:31,519 | INFO | Test -> Loss: 0.9131 | Acc: 0.7275 | Pre: 0.4677 | Rec: 0.4240 | F1: 0.4282
2026-05-01 22:33:17,879 | INFO | --- Epoch 8 Report ---
2026-05-01 22:33:17,879 | INFO | Train Loss: 0.5378
2026-05-01 22:33:17,879 | INFO | Val  -> Loss: 1.0783 | Acc: 0.7271 | Pre: 0.5196 | Rec: 0.4513 | F1: 0.4433
2026-05-01 22:33:17,879 | INFO | Test -> Loss: 0.8411 | Acc: 0.7920 | Pre: 0.5510 | Rec: 0.4098 | F1: 0.4400
2026-05-01 22:34:04,628 | INFO | --- Epoch 9 Report ---
2026-05-01 22:34:04,628 | INFO | Train Loss: 0.5264
2026-05-01 22:34:04,628 | INFO | Val  -> Loss: 1.0468 | Acc: 0.7196 | Pre: 0.5242 | Rec: 0.4429 | F1: 0.4639
2026-05-01 22:34:04,628 | INFO | Test -> Loss: 0.8449 | Acc: 0.7888 | Pre: 0.5396 | Rec: 0.4084 | F1: 0.4389
2026-05-01 22:34:49,847 | INFO | --- Epoch 10 Report ---
2026-05-01 22:34:49,847 | INFO | Train Loss: 0.5187
2026-05-01 22:34:49,848 | INFO | Val  -> Loss: 1.0665 | Acc: 0.7259 | Pre: 0.4820 | Rec: 0.4540 | F1: 0.4463
2026-05-01 22:34:49,848 | INFO | Test -> Loss: 0.8285 | Acc: 0.8028 | Pre: 0.6546 | Rec: 0.4700 | F1: 0.5224
2026-05-01 22:35:38,151 | INFO | --- Epoch 11 Report ---
2026-05-01 22:35:38,151 | INFO | Train Loss: 0.5106
2026-05-01 22:35:38,151 | INFO | Val  -> Loss: 1.0454 | Acc: 0.7311 | Pre: 0.5324 | Rec: 0.4816 | F1: 0.4668
2026-05-01 22:35:38,151 | INFO | Test -> Loss: 0.8761 | Acc: 0.7477 | Pre: 0.5114 | Rec: 0.4477 | F1: 0.4605
2026-05-01 22:36:24,597 | INFO | --- Epoch 12 Report ---
2026-05-01 22:36:24,597 | INFO | Train Loss: 0.5060
2026-05-01 22:36:24,597 | INFO | Val  -> Loss: 1.0418 | Acc: 0.7310 | Pre: 0.5302 | Rec: 0.5197 | F1: 0.5066
2026-05-01 22:36:24,597 | INFO | Test -> Loss: 0.9666 | Acc: 0.6856 | Pre: 0.4851 | Rec: 0.4464 | F1: 0.4516
2026-05-01 22:36:24,599 | INFO | 🏆 Saved best model (Val F1 improved to 0.5066)
2026-05-01 22:37:09,300 | INFO | --- Epoch 13 Report ---
2026-05-01 22:37:09,300 | INFO | Train Loss: 0.5003
2026-05-01 22:37:09,300 | INFO | Val  -> Loss: 1.0414 | Acc: 0.7235 | Pre: 0.4780 | Rec: 0.4533 | F1: 0.4426
2026-05-01 22:37:09,300 | INFO | Test -> Loss: 0.8491 | Acc: 0.8015 | Pre: 0.6394 | Rec: 0.4790 | F1: 0.5267
2026-05-01 22:37:54,411 | INFO | --- Epoch 14 Report ---
2026-05-01 22:37:54,411 | INFO | Train Loss: 0.4947
2026-05-01 22:37:54,411 | INFO | Val  -> Loss: 1.0453 | Acc: 0.7253 | Pre: 0.5275 | Rec: 0.4852 | F1: 0.4801
2026-05-01 22:37:54,411 | INFO | Test -> Loss: 0.8570 | Acc: 0.7364 | Pre: 0.4868 | Rec: 0.4243 | F1: 0.4339
2026-05-01 22:38:40,021 | INFO | --- Epoch 15 Report ---
2026-05-01 22:38:40,021 | INFO | Train Loss: 0.4911
2026-05-01 22:38:40,021 | INFO | Val  -> Loss: 1.1050 | Acc: 0.7264 | Pre: 0.5461 | Rec: 0.4548 | F1: 0.4594
2026-05-01 22:38:40,021 | INFO | Test -> Loss: 0.8797 | Acc: 0.7975 | Pre: 0.5732 | Rec: 0.4221 | F1: 0.4576
2026-05-01 22:39:26,910 | INFO | --- Epoch 16 Report ---
2026-05-01 22:39:26,910 | INFO | Train Loss: 0.4875
2026-05-01 22:39:26,910 | INFO | Val  -> Loss: 1.0361 | Acc: 0.7322 | Pre: 0.4955 | Rec: 0.4522 | F1: 0.4505
2026-05-01 22:39:26,910 | INFO | Test -> Loss: 0.8769 | Acc: 0.8042 | Pre: 0.6002 | Rec: 0.4536 | F1: 0.4994
2026-05-01 22:40:12,116 | INFO | --- Epoch 17 Report ---
2026-05-01 22:40:12,116 | INFO | Train Loss: 0.4836
2026-05-01 22:40:12,116 | INFO | Val  -> Loss: 1.0732 | Acc: 0.7273 | Pre: 0.5230 | Rec: 0.4755 | F1: 0.4774
2026-05-01 22:40:12,116 | INFO | Test -> Loss: 0.8530 | Acc: 0.8025 | Pre: 0.6542 | Rec: 0.4634 | F1: 0.5185
2026-05-01 22:40:57,783 | INFO | --- Epoch 18 Report ---
2026-05-01 22:40:57,783 | INFO | Train Loss: 0.4803
2026-05-01 22:40:57,783 | INFO | Val  -> Loss: 1.0919 | Acc: 0.7129 | Pre: 0.4850 | Rec: 0.4674 | F1: 0.4589
2026-05-01 22:40:57,783 | INFO | Test -> Loss: 0.8952 | Acc: 0.7389 | Pre: 0.5589 | Rec: 0.4524 | F1: 0.4778
2026-05-01 22:41:47,707 | INFO | --- Epoch 19 Report ---
2026-05-01 22:41:47,708 | INFO | Train Loss: 0.4768
2026-05-01 22:41:47,708 | INFO | Val  -> Loss: 1.0855 | Acc: 0.7086 | Pre: 0.4756 | Rec: 0.4527 | F1: 0.4465
2026-05-01 22:41:47,708 | INFO | Test -> Loss: 0.8663 | Acc: 0.8016 | Pre: 0.6275 | Rec: 0.4551 | F1: 0.5056
2026-05-01 22:42:32,893 | INFO | --- Epoch 20 Report ---
2026-05-01 22:42:32,893 | INFO | Train Loss: 0.4740
2026-05-01 22:42:32,893 | INFO | Val  -> Loss: 1.0793 | Acc: 0.7242 | Pre: 0.5114 | Rec: 0.4924 | F1: 0.4749
2026-05-01 22:42:32,893 | INFO | Test -> Loss: 0.8528 | Acc: 0.8009 | Pre: 0.6021 | Rec: 0.4786 | F1: 0.5178
2026-05-01 22:43:18,555 | INFO | --- Epoch 21 Report ---
2026-05-01 22:43:18,555 | INFO | Train Loss: 0.4705
2026-05-01 22:43:18,555 | INFO | Val  -> Loss: 1.0830 | Acc: 0.7255 | Pre: 0.5374 | Rec: 0.4960 | F1: 0.4903
2026-05-01 22:43:18,555 | INFO | Test -> Loss: 0.8686 | Acc: 0.8080 | Pre: 0.6614 | Rec: 0.4805 | F1: 0.5356
2026-05-01 22:44:07,391 | INFO | --- Epoch 22 Report ---
2026-05-01 22:44:07,391 | INFO | Train Loss: 0.4682
2026-05-01 22:44:07,391 | INFO | Val  -> Loss: 1.0411 | Acc: 0.7245 | Pre: 0.5094 | Rec: 0.4752 | F1: 0.4675
2026-05-01 22:44:07,391 | INFO | Test -> Loss: 0.9326 | Acc: 0.7469 | Pre: 0.5470 | Rec: 0.4659 | F1: 0.4860
2026-05-01 22:44:53,492 | INFO | --- Epoch 23 Report ---
2026-05-01 22:44:53,492 | INFO | Train Loss: 0.4656
2026-05-01 22:44:53,492 | INFO | Val  -> Loss: 1.0294 | Acc: 0.7092 | Pre: 0.4719 | Rec: 0.4373 | F1: 0.4398
2026-05-01 22:44:53,492 | INFO | Test -> Loss: 0.8693 | Acc: 0.7978 | Pre: 0.6291 | Rec: 0.4725 | F1: 0.5185
2026-05-01 22:45:41,021 | INFO | --- Epoch 24 Report ---
2026-05-01 22:45:41,021 | INFO | Train Loss: 0.4630
2026-05-01 22:45:41,021 | INFO | Val  -> Loss: 1.0625 | Acc: 0.7439 | Pre: 0.5662 | Rec: 0.4765 | F1: 0.4846
2026-05-01 22:45:41,021 | INFO | Test -> Loss: 0.8759 | Acc: 0.8055 | Pre: 0.6581 | Rec: 0.4622 | F1: 0.5160
2026-05-01 22:46:28,424 | INFO | --- Epoch 25 Report ---
2026-05-01 22:46:28,424 | INFO | Train Loss: 0.4599
2026-05-01 22:46:28,424 | INFO | Val  -> Loss: 1.0339 | Acc: 0.7443 | Pre: 0.5616 | Rec: 0.5053 | F1: 0.5026
2026-05-01 22:46:28,424 | INFO | Test -> Loss: 0.8486 | Acc: 0.8099 | Pre: 0.6677 | Rec: 0.4816 | F1: 0.5368
2026-05-01 22:47:15,656 | INFO | --- Epoch 26 Report ---
2026-05-01 22:47:15,656 | INFO | Train Loss: 0.4579
2026-05-01 22:47:15,656 | INFO | Val  -> Loss: 1.0538 | Acc: 0.7202 | Pre: 0.5144 | Rec: 0.4929 | F1: 0.4778
2026-05-01 22:47:15,656 | INFO | Test -> Loss: 0.8526 | Acc: 0.8049 | Pre: 0.6334 | Rec: 0.4835 | F1: 0.5268
2026-05-01 22:48:02,062 | INFO | --- Epoch 27 Report ---
2026-05-01 22:48:02,063 | INFO | Train Loss: 0.4553
2026-05-01 22:48:02,063 | INFO | Val  -> Loss: 1.0768 | Acc: 0.7163 | Pre: 0.5185 | Rec: 0.4864 | F1: 0.4831
2026-05-01 22:48:02,063 | INFO | Test -> Loss: 0.8840 | Acc: 0.8030 | Pre: 0.6426 | Rec: 0.4980 | F1: 0.5422
2026-05-01 22:48:50,180 | INFO | --- Epoch 28 Report ---
2026-05-01 22:48:50,180 | INFO | Train Loss: 0.4531
2026-05-01 22:48:50,180 | INFO | Val  -> Loss: 1.0627 | Acc: 0.7236 | Pre: 0.5178 | Rec: 0.4912 | F1: 0.4805
2026-05-01 22:48:50,180 | INFO | Test -> Loss: 0.8677 | Acc: 0.7849 | Pre: 0.6148 | Rec: 0.5101 | F1: 0.5433
2026-05-01 22:49:37,423 | INFO | --- Epoch 29 Report ---
2026-05-01 22:49:37,423 | INFO | Train Loss: 0.4503
2026-05-01 22:49:37,423 | INFO | Val  -> Loss: 1.0653 | Acc: 0.7299 | Pre: 0.5435 | Rec: 0.4899 | F1: 0.4856
2026-05-01 22:49:37,423 | INFO | Test -> Loss: 0.8773 | Acc: 0.8137 | Pre: 0.7048 | Rec: 0.5086 | F1: 0.5665
2026-05-01 22:50:24,053 | INFO | --- Epoch 30 Report ---
2026-05-01 22:50:24,053 | INFO | Train Loss: 0.4500
2026-05-01 22:50:24,053 | INFO | Val  -> Loss: 1.0738 | Acc: 0.7316 | Pre: 0.5341 | Rec: 0.4883 | F1: 0.4869
2026-05-01 22:50:24,053 | INFO | Test -> Loss: 0.8499 | Acc: 0.8056 | Pre: 0.6597 | Rec: 0.5031 | F1: 0.5512
2026-05-01 22:51:14,589 | INFO | --- Epoch 31 Report ---
2026-05-01 22:51:14,589 | INFO | Train Loss: 0.4467
2026-05-01 22:51:14,589 | INFO | Val  -> Loss: 1.1199 | Acc: 0.7138 | Pre: 0.5140 | Rec: 0.4838 | F1: 0.4769
2026-05-01 22:51:14,589 | INFO | Test -> Loss: 0.8902 | Acc: 0.8074 | Pre: 0.6571 | Rec: 0.5149 | F1: 0.5622
2026-05-01 22:51:59,766 | INFO | --- Epoch 32 Report ---
2026-05-01 22:51:59,766 | INFO | Train Loss: 0.4442
2026-05-01 22:51:59,766 | INFO | Val  -> Loss: 1.0317 | Acc: 0.7322 | Pre: 0.5404 | Rec: 0.4409 | F1: 0.4644
2026-05-01 22:51:59,766 | INFO | Test -> Loss: 0.8984 | Acc: 0.7522 | Pre: 0.5786 | Rec: 0.4723 | F1: 0.4993
2026-05-01 22:52:47,094 | INFO | --- Epoch 33 Report ---
2026-05-01 22:52:47,094 | INFO | Train Loss: 0.4431
2026-05-01 22:52:47,094 | INFO | Val  -> Loss: 1.0372 | Acc: 0.7267 | Pre: 0.5410 | Rec: 0.4959 | F1: 0.4883
2026-05-01 22:52:47,094 | INFO | Test -> Loss: 0.8694 | Acc: 0.8127 | Pre: 0.6848 | Rec: 0.4914 | F1: 0.5504
2026-05-01 22:53:34,916 | INFO | --- Epoch 34 Report ---
2026-05-01 22:53:34,916 | INFO | Train Loss: 0.4413
2026-05-01 22:53:34,916 | INFO | Val  -> Loss: 1.0671 | Acc: 0.7391 | Pre: 0.5572 | Rec: 0.4984 | F1: 0.5019
2026-05-01 22:53:34,916 | INFO | Test -> Loss: 0.8942 | Acc: 0.8150 | Pre: 0.6877 | Rec: 0.5134 | F1: 0.5688
2026-05-01 22:54:22,295 | INFO | --- Epoch 35 Report ---
2026-05-01 22:54:22,296 | INFO | Train Loss: 0.4393
2026-05-01 22:54:22,296 | INFO | Val  -> Loss: 1.0406 | Acc: 0.7291 | Pre: 0.5396 | Rec: 0.4935 | F1: 0.4929
2026-05-01 22:54:22,296 | INFO | Test -> Loss: 0.8853 | Acc: 0.7548 | Pre: 0.5822 | Rec: 0.4932 | F1: 0.5164
2026-05-01 22:55:11,930 | INFO | --- Epoch 36 Report ---
2026-05-01 22:55:11,930 | INFO | Train Loss: 0.4380
2026-05-01 22:55:11,930 | INFO | Val  -> Loss: 1.0706 | Acc: 0.7324 | Pre: 0.5427 | Rec: 0.4864 | F1: 0.4865
2026-05-01 22:55:11,930 | INFO | Test -> Loss: 0.8835 | Acc: 0.8070 | Pre: 0.6645 | Rec: 0.5129 | F1: 0.5631
2026-05-01 22:56:01,288 | INFO | --- Epoch 37 Report ---
2026-05-01 22:56:01,288 | INFO | Train Loss: 0.4361
2026-05-01 22:56:01,288 | INFO | Val  -> Loss: 1.0827 | Acc: 0.7264 | Pre: 0.5288 | Rec: 0.4911 | F1: 0.4822
2026-05-01 22:56:01,288 | INFO | Test -> Loss: 0.8665 | Acc: 0.8147 | Pre: 0.6890 | Rec: 0.5172 | F1: 0.5725
2026-05-01 22:56:49,492 | INFO | --- Epoch 38 Report ---
2026-05-01 22:56:49,492 | INFO | Train Loss: 0.4346
2026-05-01 22:56:49,492 | INFO | Val  -> Loss: 1.0698 | Acc: 0.7253 | Pre: 0.5358 | Rec: 0.5007 | F1: 0.4983
2026-05-01 22:56:49,492 | INFO | Test -> Loss: 0.8721 | Acc: 0.8062 | Pre: 0.6579 | Rec: 0.5135 | F1: 0.5598
2026-05-01 22:57:36,493 | INFO | --- Epoch 39 Report ---
2026-05-01 22:57:36,494 | INFO | Train Loss: 0.4337
2026-05-01 22:57:36,494 | INFO | Val  -> Loss: 1.0885 | Acc: 0.7195 | Pre: 0.5242 | Rec: 0.4879 | F1: 0.4760
2026-05-01 22:57:36,494 | INFO | Test -> Loss: 0.8867 | Acc: 0.8100 | Pre: 0.6680 | Rec: 0.5118 | F1: 0.5630
2026-05-01 22:58:25,243 | INFO | --- Epoch 40 Report ---
2026-05-01 22:58:25,243 | INFO | Train Loss: 0.4322
2026-05-01 22:58:25,243 | INFO | Val  -> Loss: 1.0660 | Acc: 0.7325 | Pre: 0.5556 | Rec: 0.5070 | F1: 0.5018
2026-05-01 22:58:25,243 | INFO | Test -> Loss: 0.8845 | Acc: 0.7559 | Pre: 0.5868 | Rec: 0.5006 | F1: 0.5231
2026-05-01 22:59:13,393 | INFO | --- Epoch 41 Report ---
2026-05-01 22:59:13,393 | INFO | Train Loss: 0.4308
2026-05-01 22:59:13,393 | INFO | Val  -> Loss: 1.0725 | Acc: 0.7325 | Pre: 0.5493 | Rec: 0.5077 | F1: 0.5032
2026-05-01 22:59:13,393 | INFO | Test -> Loss: 0.8912 | Acc: 0.7620 | Pre: 0.5909 | Rec: 0.5037 | F1: 0.5290
2026-05-01 23:00:00,273 | INFO | --- Epoch 42 Report ---
2026-05-01 23:00:00,273 | INFO | Train Loss: 0.4302
2026-05-01 23:00:00,273 | INFO | Val  -> Loss: 1.0870 | Acc: 0.7333 | Pre: 0.5485 | Rec: 0.5040 | F1: 0.5003
2026-05-01 23:00:00,273 | INFO | Test -> Loss: 0.8773 | Acc: 0.8153 | Pre: 0.6927 | Rec: 0.5178 | F1: 0.5742
2026-05-01 23:00:48,850 | INFO | --- Epoch 43 Report ---
2026-05-01 23:00:48,850 | INFO | Train Loss: 0.4285
2026-05-01 23:00:48,850 | INFO | Val  -> Loss: 1.0933 | Acc: 0.7337 | Pre: 0.5652 | Rec: 0.5126 | F1: 0.5118
2026-05-01 23:00:48,851 | INFO | Test -> Loss: 0.8918 | Acc: 0.7748 | Pre: 0.6013 | Rec: 0.5057 | F1: 0.5361
2026-05-01 23:00:48,852 | INFO | 🏆 Saved best model (Val F1 improved to 0.5118)
2026-05-01 23:01:38,515 | INFO | --- Epoch 44 Report ---
2026-05-01 23:01:38,515 | INFO | Train Loss: 0.4274
2026-05-01 23:01:38,515 | INFO | Val  -> Loss: 1.0773 | Acc: 0.7340 | Pre: 0.5588 | Rec: 0.5087 | F1: 0.5053
2026-05-01 23:01:38,515 | INFO | Test -> Loss: 0.8814 | Acc: 0.8154 | Pre: 0.6923 | Rec: 0.5181 | F1: 0.5734
2026-05-01 23:02:28,480 | INFO | --- Epoch 45 Report ---
2026-05-01 23:02:28,480 | INFO | Train Loss: 0.4277
2026-05-01 23:02:28,480 | INFO | Val  -> Loss: 1.0737 | Acc: 0.7436 | Pre: 0.5732 | Rec: 0.5184 | F1: 0.5194
2026-05-01 23:02:28,480 | INFO | Test -> Loss: 0.8820 | Acc: 0.8164 | Pre: 0.6938 | Rec: 0.5194 | F1: 0.5748
2026-05-01 23:02:28,482 | INFO | 🏆 Saved best model (Val F1 improved to 0.5194)
2026-05-01 23:03:15,613 | INFO | --- Epoch 46 Report ---
2026-05-01 23:03:15,613 | INFO | Train Loss: 0.4274
2026-05-01 23:03:15,613 | INFO | Val  -> Loss: 1.0816 | Acc: 0.7387 | Pre: 0.5679 | Rec: 0.5144 | F1: 0.5145
2026-05-01 23:03:15,613 | INFO | Test -> Loss: 0.8848 | Acc: 0.8113 | Pre: 0.6759 | Rec: 0.5179 | F1: 0.5696
2026-05-01 23:04:05,887 | INFO | --- Epoch 47 Report ---
2026-05-01 23:04:05,887 | INFO | Train Loss: 0.4260
2026-05-01 23:04:05,887 | INFO | Val  -> Loss: 1.0825 | Acc: 0.7385 | Pre: 0.5677 | Rec: 0.5147 | F1: 0.5150
2026-05-01 23:04:05,887 | INFO | Test -> Loss: 0.8883 | Acc: 0.8096 | Pre: 0.6673 | Rec: 0.5176 | F1: 0.5673
2026-05-01 23:04:52,448 | INFO | --- Epoch 48 Report ---
2026-05-01 23:04:52,448 | INFO | Train Loss: 0.4261
2026-05-01 23:04:52,448 | INFO | Val  -> Loss: 1.0793 | Acc: 0.7387 | Pre: 0.5701 | Rec: 0.5150 | F1: 0.5153
2026-05-01 23:04:52,449 | INFO | Test -> Loss: 0.8863 | Acc: 0.8097 | Pre: 0.6716 | Rec: 0.5176 | F1: 0.5685
2026-05-01 23:05:40,348 | INFO | --- Epoch 49 Report ---
2026-05-01 23:05:40,348 | INFO | Train Loss: 0.4257
2026-05-01 23:05:40,348 | INFO | Val  -> Loss: 1.0822 | Acc: 0.7383 | Pre: 0.5702 | Rec: 0.5147 | F1: 0.5150
2026-05-01 23:05:40,348 | INFO | Test -> Loss: 0.8871 | Acc: 0.8104 | Pre: 0.6701 | Rec: 0.5183 | F1: 0.5686
2026-05-01 23:06:28,958 | INFO | --- Epoch 50 Report ---
2026-05-01 23:06:28,958 | INFO | Train Loss: 0.4251
2026-05-01 23:06:28,958 | INFO | Val  -> Loss: 1.0817 | Acc: 0.7385 | Pre: 0.5699 | Rec: 0.5147 | F1: 0.5151
2026-05-01 23:06:28,958 | INFO | Test -> Loss: 0.8871 | Acc: 0.8103 | Pre: 0.6727 | Rec: 0.5180 | F1: 0.5690
2026-05-01 23:06:30,295 | INFO | Total training time: 1.39 hours
